Component: ARM Compiler 5.06 update 6 (build 750) Tool: armlink [4d35ed]

==============================================================================

Section Cross References

    startup_stm32f103xb.o(STACK) refers (Special) to heapauxi.o(.text) for __use_two_region_memory
    startup_stm32f103xb.o(HEAP) refers (Special) to heapauxi.o(.text) for __use_two_region_memory
    startup_stm32f103xb.o(RESET) refers (Special) to heapauxi.o(.text) for __use_two_region_memory
    startup_stm32f103xb.o(RESET) refers to startup_stm32f103xb.o(STACK) for __initial_sp
    startup_stm32f103xb.o(RESET) refers to startup_stm32f103xb.o(.text) for Reset_Handler
    startup_stm32f103xb.o(RESET) refers to stm32f1xx_it.o(i.NMI_Handler) for NMI_Handler
    startup_stm32f103xb.o(RESET) refers to stm32f1xx_it.o(i.HardFault_Handler) for HardFault_Handler
    startup_stm32f103xb.o(RESET) refers to stm32f1xx_it.o(i.MemManage_Handler) for MemManage_Handler
    startup_stm32f103xb.o(RESET) refers to stm32f1xx_it.o(i.BusFault_Handler) for BusFault_Handler
    startup_stm32f103xb.o(RESET) refers to stm32f1xx_it.o(i.UsageFault_Handler) for UsageFault_Handler
    startup_stm32f103xb.o(RESET) refers to stm32f1xx_it.o(i.SVC_Handler) for SVC_Handler
    startup_stm32f103xb.o(RESET) refers to stm32f1xx_it.o(i.DebugMon_Handler) for DebugMon_Handler
    startup_stm32f103xb.o(RESET) refers to stm32f1xx_it.o(i.PendSV_Handler) for PendSV_Handler
    startup_stm32f103xb.o(RESET) refers to stm32f1xx_it.o(i.SysTick_Handler) for SysTick_Handler
    startup_stm32f103xb.o(RESET) refers to stm32f1xx_it.o(i.USB_LP_CAN1_RX0_IRQHandler) for USB_LP_CAN1_RX0_IRQHandler
    startup_stm32f103xb.o(.text) refers (Special) to heapauxi.o(.text) for __use_two_region_memory
    startup_stm32f103xb.o(.text) refers to system_stm32f1xx.o(i.SystemInit) for SystemInit
    startup_stm32f103xb.o(.text) refers to __main.o(!!!main) for __main
    startup_stm32f103xb.o(.text) refers to startup_stm32f103xb.o(HEAP) for Heap_Mem
    startup_stm32f103xb.o(.text) refers to startup_stm32f103xb.o(STACK) for Stack_Mem
    main.o(i.CurrentPosittion) refers to f2d.o(x$fpl$f2d) for __aeabi_f2d
    main.o(i.CurrentPosittion) refers to dflt_clz.o(x$fpl$dflt) for __aeabi_i2d
    main.o(i.CurrentPosittion) refers to dmul.o(x$fpl$dmul) for __aeabi_dmul
    main.o(i.CurrentPosittion) refers to daddsub_clz.o(x$fpl$dadd) for __aeabi_dadd
    main.o(i.CurrentPosittion) refers to daddsub_clz.o(x$fpl$dsub) for __aeabi_dsub
    main.o(i.CurrentPosittion) refers to ddiv.o(x$fpl$ddiv) for __aeabi_ddiv
    main.o(i.CurrentPosittion) refers to daddsub_clz.o(x$fpl$drsb) for __aeabi_drsub
    main.o(i.CurrentPosittion) refers to sqrt.o(i.sqrt) for sqrt
    main.o(i.CurrentPosittion) refers to atan.o(i.atan) for atan
    main.o(i.CurrentPosittion) refers to dleqf.o(x$fpl$dleqf) for __aeabi_cdcmple
    main.o(i.CurrentPosittion) refers to main.o(.data) for .data
    main.o(i.ImportProduct) refers to fflt_clz.o(x$fpl$fflt) for __aeabi_i2f
    main.o(i.ImportProduct) refers to main.o(i.PosProduct) for PosProduct
    main.o(i.ImportProduct) refers to main.o(.data) for .data
    main.o(i.MX_GPIO_Init) refers to stm32f1xx_hal_gpio.o(i.HAL_GPIO_WritePin) for HAL_GPIO_WritePin
    main.o(i.MX_GPIO_Init) refers to stm32f1xx_hal_gpio.o(i.HAL_GPIO_Init) for HAL_GPIO_Init
    main.o(i.MX_TIM1_Init) refers to stm32f1xx_hal_tim.o(i.HAL_TIM_Base_Init) for HAL_TIM_Base_Init
    main.o(i.MX_TIM1_Init) refers to stm32f1xx_hal_tim.o(i.HAL_TIM_ConfigClockSource) for HAL_TIM_ConfigClockSource
    main.o(i.MX_TIM1_Init) refers to stm32f1xx_hal_tim_ex.o(i.HAL_TIMEx_MasterConfigSynchronization) for HAL_TIMEx_MasterConfigSynchronization
    main.o(i.MX_TIM1_Init) refers to main.o(.bss) for .bss
    main.o(i.MX_TIM2_Init) refers to rt_memclr_w.o(.text) for __aeabi_memclr4
    main.o(i.MX_TIM2_Init) refers to stm32f1xx_hal_tim.o(i.HAL_TIM_Base_Init) for HAL_TIM_Base_Init
    main.o(i.MX_TIM2_Init) refers to stm32f1xx_hal_tim.o(i.HAL_TIM_ConfigClockSource) for HAL_TIM_ConfigClockSource
    main.o(i.MX_TIM2_Init) refers to stm32f1xx_hal_tim.o(i.HAL_TIM_PWM_Init) for HAL_TIM_PWM_Init
    main.o(i.MX_TIM2_Init) refers to stm32f1xx_hal_tim_ex.o(i.HAL_TIMEx_MasterConfigSynchronization) for HAL_TIMEx_MasterConfigSynchronization
    main.o(i.MX_TIM2_Init) refers to stm32f1xx_hal_tim.o(i.HAL_TIM_PWM_ConfigChannel) for HAL_TIM_PWM_ConfigChannel
    main.o(i.MX_TIM2_Init) refers to stm32f1xx_hal_msp.o(i.HAL_TIM_MspPostInit) for HAL_TIM_MspPostInit
    main.o(i.MX_TIM2_Init) refers to main.o(.bss) for .bss
    main.o(i.ManualControl) refers to main.o(i.PerformSteps) for PerformSteps
    main.o(i.ManualControl) refers to stm32f1xx_hal_gpio.o(i.HAL_GPIO_WritePin) for HAL_GPIO_WritePin
    main.o(i.ModeControl) refers to ffixu.o(x$fpl$ffixu) for __aeabi_f2uiz
    main.o(i.ModeControl) refers to main.o(i.ImportProduct) for ImportProduct
    main.o(i.ModeControl) refers to ffix.o(x$fpl$ffix) for __aeabi_f2iz
[...]
    _printf_post_padding                      - Undefined Weak Reference
    _printf_pre_padding                       - Undefined Weak Reference
    _printf_truncate_signed                   - Undefined Weak Reference
    _printf_truncate_unsigned                 - Undefined Weak Reference
    _rand_init                                - Undefined Weak Reference
    _scanf_int                                - Undefined Weak Reference
    _scanf_longlong                           - Undefined Weak Reference
    _scanf_mbtowc                             - Undefined Weak Reference
    _scanf_wctomb                             - Undefined Weak Reference
    _scanf_wstring                            - Undefined Weak Reference
    _signal_finish                            - Undefined Weak Reference
    _signal_init                              - Undefined Weak Reference
    _terminate_alloc                          - Undefined Weak Reference
    _terminate_user_alloc                     - Undefined Weak Reference
    _terminateio                              - Undefined Weak Reference
    __Vectors_Size                           0x000000ec   Number         0  startup_stm32f103xb.o ABSOLUTE
    __Vectors                                0x08000000   Data           4  startup_stm32f103xb.o(RESET)
    __Vectors_End                            0x080000ec   Data           0  startup_stm32f103xb.o(RESET)
    __main                                   0x080000ed   Thumb Code     8  __main.o(!!!main)
    __scatterload                            0x080000f5   Thumb Code     0  __scatter.o(!!!scatter)
    __scatterload_rt2                        0x080000f5   Thumb Code    44  __scatter.o(!!!scatter)
    __scatterload_rt2_thumb_only             0x080000f5   Thumb Code     0  __scatter.o(!!!scatter)
    __scatterload_null                       0x08000103   Thumb Code     0  __scatter.o(!!!scatter)
    __decompress                             0x08000129   Thumb Code    90  __dczerorl2.o(!!dczerorl2)
    __decompress1                            0x08000129   Thumb Code     0  __dczerorl2.o(!!dczerorl2)
    __scatterload_zeroinit                   0x08000185   Thumb Code    28  __scatter_zi.o(!!handler_zi)
    __rt_lib_init                            0x080001a1   Thumb Code     0  libinit.o(.ARM.Collect$$libinit$$00000000)
    __rt_lib_init_fp_1                       0x080001a3   Thumb Code     0  libinit2.o(.ARM.Collect$$libinit$$00000002)
    __rt_lib_init_heap_1                     0x080001a3   Thumb Code     0  libinit2.o(.ARM.Collect$$libinit$$0000000A)
    __rt_lib_init_lc_common                  0x080001a3   Thumb Code     0  libinit2.o(.ARM.Collect$$libinit$$0000000F)
    __rt_lib_init_preinit_1                  0x080001a3   Thumb Code     0  libinit2.o(.ARM.Collect$$libinit$$00000004)
    __rt_lib_init_rand_1                     0x080001a3   Thumb Code     0  libinit2.o(.ARM.Collect$$libinit$$0000000E)
    __rt_lib_init_user_alloc_1               0x080001a3   Thumb Code     0  libinit2.o(.ARM.Collect$$libinit$$0000000C)
    __rt_lib_init_lc_collate_1               0x080001a9   Thumb Code     0  libinit2.o(.ARM.Collect$$libinit$$00000011)
    __rt_lib_init_lc_ctype_2                 0x080001a9   Thumb Code     0  libinit2.o(.ARM.Collect$$libinit$$00000012)
    __rt_lib_init_lc_ctype_1                 0x080001b5   Thumb Code     0  libinit2.o(.ARM.Collect$$libinit$$00000013)
    __rt_lib_init_lc_monetary_1              0x080001b5   Thumb Code     0  libinit2.o(.ARM.Collect$$libinit$$00000015)
    __rt_lib_init_lc_numeric_2               0x080001b5   Thumb Code     0  libinit2.o(.ARM.Collect$$libinit$$00000016)
    __rt_lib_init_alloca_1                   0x080001bf   Thumb Code     0  libinit2.o(.ARM.Collect$$libinit$$0000002E)
    __rt_lib_init_argv_1                     0x080001bf   Thumb Code     0  libinit2.o(.ARM.Collect$$libinit$$0000002C)
    __rt_lib_init_atexit_1                   0x080001bf   Thumb Code     0  libinit2.o(.ARM.Collect$$libinit$$0000001B)
    __rt_lib_init_clock_1                    0x080001bf   Thumb Code     0  libinit2.o(.ARM.Collect$$libinit$$00000021)
    __rt_lib_init_cpp_1                      0x080001bf   Thumb Code     0  libinit2.o(.ARM.Collect$$libinit$$00000032)
    __rt_lib_init_exceptions_1               0x080001bf   Thumb Code     0  libinit2.o(.ARM.Collect$$libinit$$00000030)
    __rt_lib_init_fp_trap_1                  0x080001bf   Thumb Code     0  libinit2.o(.ARM.Collect$$libinit$$0000001F)
    __rt_lib_init_getenv_1                   0x080001bf   Thumb Code     0  libinit2.o(.ARM.Collect$$libinit$$00000023)
    __rt_lib_init_lc_numeric_1               0x080001bf   Thumb Code     0  libinit2.o(.ARM.Collect$$libinit$$00000017)
    __rt_lib_init_lc_time_1                  0x080001bf   Thumb Code     0  libinit2.o(.ARM.Collect$$libinit$$00000019)
    __rt_lib_init_return                     0x080001bf   Thumb Code     0  libinit2.o(.ARM.Collect$$libinit$$00000033)
    __rt_lib_init_signal_1                   0x080001bf   Thumb Code     0  libinit2.o(.ARM.Collect$$libinit$$0000001D)
    __rt_lib_init_stdio_1                    0x080001bf   Thumb Code     0  libinit2.o(.ARM.Collect$$libinit$$00000025)
    __rt_lib_shutdown                        0x080001c1   Thumb Code     0  libshutdown.o(.ARM.Collect$$libshutdown$$00000000)
    __rt_lib_shutdown_cpp_1                  0x080001c3   Thumb Code     0  libshutdown2.o(.ARM.Collect$$libshutdown$$00000002)
    __rt_lib_shutdown_fp_trap_1              0x080001c3   Thumb Code     0  libshutdown2.o(.ARM.Collect$$libshutdown$$00000007)
    __rt_lib_shutdown_heap_1                 0x080001c3   Thumb Code     0  libshutdown2.o(.ARM.Collect$$libshutdown$$0000000F)
    __rt_lib_shutdown_return                 0x080001c3   Thumb Code     0  libshutdown2.o(.ARM.Collect$$libshutdown$$00000010)
    __rt_lib_shutdown_signal_1               0x080001c3   Thumb Code     0  libshutdown2.o(.ARM.Collect$$libshutdown$$0000000A)
    __rt_lib_shutdown_stdio_1                0x080001c3   Thumb Code     0  libshutdown2.o(.ARM.Collect$$libshutdown$$00000004)
    __rt_lib_shutdown_user_alloc_1           0x080001c3   Thumb Code     0  libshutdown2.o(.ARM.Collect$$libshutdown$$0000000C)
    __rt_entry                               0x080001c5   Thumb Code     0  __rtentry.o(.ARM.Collect$$rtentry$$00000000)
    __rt_entry_presh_1                       0x080001c5   Thumb Code     0  __rtentry2.o(.ARM.Collect$$rtentry$$00000002)
    __rt_entry_sh                            0x080001c5   Thumb Code     0  __rtentry4.o(.ARM.Collect$$rtentry$$00000004)
    __rt_entry_li                            0x080001cb   Thumb Code     0  __rtentry2.o(.ARM.Collect$$rtentry$$0000000A)
    __rt_entry_postsh_1                      0x080001cb   Thumb Code     0  __rtentry2.o(.ARM.Collect$$rtentry$$00000009)
    __rt_entry_main                          0x080001cf   Thumb Code     0  __rtentry2.o(.ARM.Collect$$rtentry$$0000000D)
    __rt_entry_postli_1                      0x080001cf   Thumb Code     0  __rtentry2.o(.ARM.Collect$$rtentry$$0000000C)
    __rt_exit                                0x080001d7   Thumb Code     0  rtexit.o(.ARM.Collect$$rtexit$$00000000)
    __rt_exit_ls                             0x080001d9   Thumb Code     0  rtexit2.o(.ARM.Collect$$rtexit$$00000003)
    __rt_exit_prels_1                        0x080001d9   Thumb Code     0  rtexit2.o(.ARM.Collect$$rtexit$$00000002)
    __rt_exit_exit                           0x080001dd   Thumb Code     0  rtexit2.o(.ARM.Collect$$rtexit$$00000004)
    Reset_Handler                            0x080001e5   Thumb Code     8  startup_stm32f103xb.o(.text)
    ADC1_2_IRQHandler                        0x080001ff   Thumb Code     0  startup_stm32f103xb.o(.text)
    CAN1_RX1_IRQHandler                      0x080001ff   Thumb Code     0  startup_stm32f103xb.o(.text)
    CAN1_SCE_IRQHandler                      0x080001ff   Thumb Code     0  startup_stm32f103xb.o(.text)
    DMA1_Channel1_IRQHandler                 0x080001ff   Thumb Code     0  startup_stm32f103xb.o(.text)
    DMA1_Channel2_IRQHandler                 0x080001ff   Thumb Code     0  startup_stm32f103xb.o(.text)
    DMA1_Channel3_IRQHandler                 0x080001ff   Thumb Code     0  startup_stm32f103xb.o(.text)
    DMA1_Channel4_IRQHandler                 0x080001ff   Thumb Code     0  startup_stm32f103xb.o(.text)
    DMA1_Channel5_IRQHandler                 0x080001ff   Thumb Code     0  startup_stm32f103xb.o(.text)
    DMA1_Channel6_IRQHandler                 0x080001ff   Thumb Code     0  startup_stm32f103xb.o(.text)
    DMA1_Channel7_IRQHandler                 0x080001ff   Thumb Code     0  startup_stm32f103xb.o(.text)
    EXTI0_IRQHandler                         0x080001ff   Thumb Code     0  startup_stm32f103xb.o(.text)
    EXTI15_10_IRQHandler                     0x080001ff   Thumb Code     0  startup_stm32f103xb.o(.text)
    EXTI1_IRQHandler                         0x080001ff   Thumb Code     0  startup_stm32f103xb.o(.text)
    EXTI2_IRQHandler                         0x080001ff   Thumb Code     0  startup_stm32f103xb.o(.text)
    EXTI3_IRQHandler                         0x080001ff   Thumb Code     0  startup_stm32f103xb.o(.text)
    EXTI4_IRQHandler                         0x080001ff   Thumb Code     0  startup_stm32f103xb.o(.text)
    EXTI9_5_IRQHandler                       0x080001ff   Thumb Code     0  startup_stm32f103xb.o(.text)
    FLASH_IRQHandler                         0x080001ff   Thumb Code     0  startup_stm32f103xb.o(.text)
    I2C1_ER_IRQHandler                       0x080001ff   Thumb Code     0  startup_stm32f103xb.o(.text)
    I2C1_EV_IRQHandler                       0x080001ff   Thumb Code     0  startup_stm32f103xb.o(.text)
    I2C2_ER_IRQHandler                       0x080001ff   Thumb Code     0  startup_stm32f103xb.o(.text)
    I2C2_EV_IRQHandler                       0x080001ff   Thumb Code     0  startup_stm32f103xb.o(.text)
    PVD_IRQHandler                           0x080001ff   Thumb Code     0  startup_stm32f103xb.o(.text)
    RCC_IRQHandler                           0x080001ff   Thumb Code     0  startup_stm32f103xb.o(.text)
    RTC_Alarm_IRQHandler                     0x080001ff   Thumb Code     0  startup_stm32f103xb.o(.text)
    RTC_IRQHandler                           0x080001ff   Thumb Code     0  startup_stm32f103xb.o(.text)
    SPI1_IRQHandler                          0x080001ff   Thumb Code     0  startup_stm32f103xb.o(.text)
    SPI2_IRQHandler                          0x080001ff   Thumb Code     0  startup_stm32f103xb.o(.text)
    TAMPER_IRQHandler                        0x080001ff   Thumb Code     0  startup_stm32f103xb.o(.text)
    TIM1_BRK_IRQHandler                      0x080001ff   Thumb Code     0  startup_stm32f103xb.o(.text)
    TIM1_CC_IRQHandler                       0x080001ff   Thumb Code     0  startup_stm32f103xb.o(.text)
    TIM1_TRG_COM_IRQHandler                  0x080001ff   Thumb Code     0  startup_stm32f103xb.o(.text)
    TIM1_UP_IRQHandler                       0x080001ff   Thumb Code     0  startup_stm32f103xb.o(.text)
    TIM2_IRQHandler                          0x080001ff   Thumb Code     0  startup_stm32f103xb.o(.text)
    TIM3_IRQHandler                          0x080001ff   Thumb Code     0  startup_stm32f103xb.o(.text)
    TIM4_IRQHandler                          0x080001ff   Thumb Code     0  startup_stm32f103xb.o(.text)
    USART1_IRQHandler                        0x080001ff   Thumb Code     0  startup_stm32f103xb.o(.text)
    USART2_IRQHandler                        0x080001ff   Thumb Code     0  startup_stm32f103xb.o(.text)
    USART3_IRQHandler                        0x080001ff   Thumb Code     0  startup_stm32f103xb.o(.text)
    USBWakeUp_IRQHandler                     0x080001ff   Thumb Code     0  startup_stm32f103xb.o(.text)
    USB_HP_CAN1_TX_IRQHandler                0x080001ff   Thumb Code     0  startup_stm32f103xb.o(.text)
    WWDG_IRQHandler                          0x080001ff   Thumb Code     0  startup_stm32f103xb.o(.text)
    __user_initial_stackheap                 0x08000201   Thumb Code     0  startup_stm32f103xb.o(.text)
    __0sscanf                                0x08000225   Thumb Code    52  __0sscanf.o(.text)
    _scanf_string                            0x08000261   Thumb Code   224  _scanf_str.o(.text)
    __aeabi_memcpy                           0x08000341   Thumb Code     0  rt_memcpy_v6.o(.text)
    __rt_memcpy                              0x08000341   Thumb Code   138  rt_memcpy_v6.o(.text)
    _memcpy_lastbytes                        0x080003a7   Thumb Code     0  rt_memcpy_v6.o(.text)
    __aeabi_memcpy4                          0x080003cb   Thumb Code     0  rt_memcpy_w.o(.text)
    __aeabi_memcpy8                          0x080003cb   Thumb Code     0  rt_memcpy_w.o(.text)
    __rt_memcpy_w                            0x080003cb   Thumb Code   100  rt_memcpy_w.o(.text)
    _memcpy_lastbytes_aligned                0x08000413   Thumb Code     0  rt_memcpy_w.o(.text)
    __aeabi_memclr                           0x0800042f   Thumb Code     0  rt_memclr.o(.text)
    __rt_memclr                              0x0800042f   Thumb Code    68  rt_memclr.o(.text)
    _memset                                  0x08000433   Thumb Code     0  rt_memclr.o(.text)
    __aeabi_memclr4                          0x08000473   Thumb Code     0  rt_memclr_w.o(.text)
    __aeabi_memclr8                          0x08000473   Thumb Code     0  rt_memclr_w.o(.text)
    __rt_memclr_w                            0x08000473   Thumb Code    78  rt_memclr_w.o(.text)
    _memset_w                                0x08000477   Thumb Code     0  rt_memclr_w.o(.text)
    __use_two_region_memory                  0x080004c1   Thumb Code     2  heapauxi.o(.text)
    __rt_heap_escrow$2region                 0x080004c3   Thumb Code     2  heapauxi.o(.text)
    __rt_heap_expand$2region                 0x080004c5   Thumb Code     2  heapauxi.o(.text)
    __read_errno                             0x080004c7   Thumb Code    10  _rserrno.o(.text)
    __set_errno                              0x080004d1   Thumb Code    12  _rserrno.o(.text)
    _scanf_really_real                       0x08000729   Thumb Code   684  scanf_fp.o(.text)
    __vfscanf_char                           0x080009e1   Thumb Code    24  scanf_char.o(.text)
    _sgetc                                   0x08000a01   Thumb Code    30  _sgetc.o(.text)
    _sbackspace                              0x08000a1f   Thumb Code    34  _sgetc.o(.text)
    __rt_locale                              0x08000a41   Thumb Code     8  rt_locale_intlibspace.o(.text)
    __aeabi_errno_addr                       0x08000a49   Thumb Code     8  rt_errno_addr_intlibspace.o(.text)
    __errno$intlibspace                      0x08000a49   Thumb Code     0  rt_errno_addr_intlibspace.o(.text)
    __rt_errno_addr$intlibspace              0x08000a49   Thumb Code     0  rt_errno_addr_intlibspace.o(.text)
    isspace                                  0x08000a51   Thumb Code    18  isspace.o(.text)
    __vfscanf                                0x08000a65   Thumb Code   878  _scanf.o(.text)
    _btod_etento                             0x08000dd9   Thumb Code   224  bigflt0.o(.text)
    __user_libspace                          0x08000ebd   Thumb Code     8  libspace.o(.text)
    __user_perproc_libspace                  0x08000ebd   Thumb Code     0  libspace.o(.text)
    __user_perthread_libspace                0x08000ebd   Thumb Code     0  libspace.o(.text)
    __user_setup_stackheap                   0x08000ec5   Thumb Code    74  sys_stackheap_outer.o(.text)
    __rt_ctype_table                         0x08000f11   Thumb Code    16  rt_ctype_table.o(.text)
    _scanf_really_hex_real                   0x08000f21   Thumb Code   786  scanf_hexfp.o(.text)
    _scanf_really_infnan                     0x08001241   Thumb Code   292  scanf_infnan.o(.text)
    exit                                     0x08001375   Thumb Code    18  exit.o(.text)
    strcmp                                   0x08001389   Thumb Code   128  strcmpv7m.o(.text)
    __aeabi_llsl                             0x08001409   Thumb Code     0  llshl.o(.text)
    _ll_shift_l                              0x08001409   Thumb Code    38  llshl.o(.text)
    _chval                                   0x0800142f   Thumb Code    28  _chval.o(.text)
    _sys_exit                                0x0800144d   Thumb Code     8  sys_exit.o(.text)
    __I$use$semihosting                      0x08001459   Thumb Code     0  use_no_semi.o(.text)
    __use_no_semihosting_swi                 0x08001459   Thumb Code     2  use_no_semi.o(.text)
    __btod_div_common                        0x0800145b   Thumb Code   696  btod.o(CL$$btod_div_common)
    __semihosting_library_function           0x0800145b   Thumb Code     0  indicate_semi.o(.text)
    _e2d                                     0x08001795   Thumb Code   122  btod.o(CL$$btod_e2d)
    _e2e                                     0x08001819   Thumb Code   220  btod.o(CL$$btod_e2e)
    _btod_ediv                               0x080018f5   Thumb Code    42  btod.o(CL$$btod_ediv)
    _btod_edivd                              0x0800191f   Thumb Code    42  btod.o(CL$$btod_edivd)
    _btod_emul                               0x08001949   Thumb Code    42  btod.o(CL$$btod_emul)
    _btod_emuld                              0x08001973   Thumb Code    42  btod.o(CL$$btod_emuld)
    __btod_mult_common                       0x0800199d   Thumb Code   580  btod.o(CL$$btod_mult_common)
    BusFault_Handler                         0x08001be1   Thumb Code     2  stm32f1xx_it.o(i.BusFault_Handler)
    CurrentPosittion                         0x08001cad   Thumb Code   390  main.o(i.CurrentPosittion)
    DebugMon_Handler                         0x08001e59   Thumb Code     2  stm32f1xx_it.o(i.DebugMon_Handler)
    Error_Handler                            0x08001e5b   Thumb Code     4  main.o(i.Error_Handler)
    HAL_GPIO_Init                            0x08001e61   Thumb Code   446  stm32f1xx_hal_gpio.o(i.HAL_GPIO_Init)
    HAL_GPIO_WritePin                        0x08002041   Thumb Code    10  stm32f1xx_hal_gpio.o(i.HAL_GPIO_WritePin)
    HAL_GetTick                              0x0800204d   Thumb Code     6  stm32f1xx_hal.o(i.HAL_GetTick)
    HAL_IncTick                              0x08002059   Thumb Code    12  stm32f1xx_hal.o(i.HAL_IncTick)
    HAL_Init                                 0x08002069   Thumb Code    32  stm32f1xx_hal.o(i.HAL_Init)
    HAL_InitTick                             0x0800208d   Thumb Code    54  stm32f1xx_hal.o(i.HAL_InitTick)
    HAL_MspInit                              0x080020cd   Thumb Code    52  stm32f1xx_hal_msp.o(i.HAL_MspInit)
    HAL_NVIC_EnableIRQ                       0x08002109   Thumb Code    26  stm32f1xx_hal_cortex.o(i.HAL_NVIC_EnableIRQ)
    HAL_NVIC_SetPriority                     0x08002125   Thumb Code    60  stm32f1xx_hal_cortex.o(i.HAL_NVIC_SetPriority)
    HAL_NVIC_SetPriorityGrouping             0x08002165   Thumb Code    26  stm32f1xx_hal_cortex.o(i.HAL_NVIC_SetPriorityGrouping)
    HAL_NVIC_SystemReset                     0x08002189   Thumb Code    26  stm32f1xx_hal_cortex.o(i.HAL_NVIC_SystemReset)
    HAL_PCDEx_PMAConfig                      0x080021ad   Thumb Code    60  stm32f1xx_hal_pcd_ex.o(i.HAL_PCDEx_PMAConfig)
    HAL_PCDEx_SetConnectionState             0x080021e9   Thumb Code     2  usbd_conf.o(i.HAL_PCDEx_SetConnectionState)
    HAL_PCD_DataInStageCallback              0x080021eb   Thumb Code    18  usbd_conf.o(i.HAL_PCD_DataInStageCallback)
    HAL_PCD_DataOutStageCallback             0x080021fd   Thumb Code    20  usbd_conf.o(i.HAL_PCD_DataOutStageCallback)
    HAL_PCD_EP_Close                         0x08002211   Thumb Code    76  stm32f1xx_hal_pcd.o(i.HAL_PCD_EP_Close)
    HAL_PCD_EP_ClrStall                      0x0800225d   Thumb Code    92  stm32f1xx_hal_pcd.o(i.HAL_PCD_EP_ClrStall)
    HAL_PCD_EP_GetRxCount                    0x080026d7   Thumb Code    18  stm32f1xx_hal_pcd.o(i.HAL_PCD_EP_GetRxCount)
    HAL_PCD_EP_Open                          0x080026e9   Thumb Code    90  stm32f1xx_hal_pcd.o(i.HAL_PCD_EP_Open)
    HAL_PCD_EP_Receive                       0x08002743   Thumb Code    46  stm32f1xx_hal_pcd.o(i.HAL_PCD_EP_Receive)
    HAL_PCD_EP_SetStall                      0x08002771   Thumb Code   114  stm32f1xx_hal_pcd.o(i.HAL_PCD_EP_SetStall)
    HAL_PCD_EP_Transmit                      0x080027e3   Thumb Code    48  stm32f1xx_hal_pcd.o(i.HAL_PCD_EP_Transmit)
    HAL_PCD_IRQHandler                       0x08002815   Thumb Code   308  stm32f1xx_hal_pcd.o(i.HAL_PCD_IRQHandler)
    HAL_PCD_Init                             0x08002949   Thumb Code   218  stm32f1xx_hal_pcd.o(i.HAL_PCD_Init)
    HAL_PCD_MspInit                          0x08002a25   Thumb Code    50  usbd_conf.o(i.HAL_PCD_MspInit)
    HAL_PCD_ResetCallback                    0x08002a61   Thumb Code    38  usbd_conf.o(i.HAL_PCD_ResetCallback)
    HAL_PCD_ResumeCallback                   0x08002a87   Thumb Code     8  usbd_conf.o(i.HAL_PCD_ResumeCallback)
    HAL_PCD_SOFCallback                      0x08002a8f   Thumb Code     8  usbd_conf.o(i.HAL_PCD_SOFCallback)
    HAL_PCD_SetAddress                       0x08002a97   Thumb Code    40  stm32f1xx_hal_pcd.o(i.HAL_PCD_SetAddress)
    HAL_PCD_SetupStageCallback               0x08002abf   Thumb Code    14  usbd_conf.o(i.HAL_PCD_SetupStageCallback)
    HAL_PCD_Start                            0x08002acd   Thumb Code    50  stm32f1xx_hal_pcd.o(i.HAL_PCD_Start)
    HAL_PCD_SuspendCallback                  0x08002b01   Thumb Code    30  usbd_conf.o(i.HAL_PCD_SuspendCallback)
    HAL_RCCEx_PeriphCLKConfig                0x08002b25   Thumb Code   224  stm32f1xx_hal_rcc_ex.o(i.HAL_RCCEx_PeriphCLKConfig)
    HAL_RCC_ClockConfig                      0x08002c11   Thumb Code   280  stm32f1xx_hal_rcc.o(i.HAL_RCC_ClockConfig)
    HAL_RCC_GetSysClockFreq                  0x08002d3d   Thumb Code    58  stm32f1xx_hal_rcc.o(i.HAL_RCC_GetSysClockFreq)
    HAL_RCC_OscConfig                        0x08002d89   Thumb Code   778  stm32f1xx_hal_rcc.o(i.HAL_RCC_OscConfig)
    HAL_SYSTICK_Config                       0x080030a9   Thumb Code    40  stm32f1xx_hal_cortex.o(i.HAL_SYSTICK_Config)
    HAL_TIMEx_MasterConfigSynchronization    0x080030d1   Thumb Code    92  stm32f1xx_hal_tim_ex.o(i.HAL_TIMEx_MasterConfigSynchronization)
    HAL_TIM_Base_Init                        0x08003139   Thumb Code    90  stm32f1xx_hal_tim.o(i.HAL_TIM_Base_Init)
    HAL_TIM_Base_MspInit                     0x08003195   Thumb Code    52  stm32f1xx_hal_msp.o(i.HAL_TIM_Base_MspInit)
    HAL_TIM_Base_Start                       0x080031d1   Thumb Code    66  stm32f1xx_hal_tim.o(i.HAL_TIM_Base_Start)
    HAL_TIM_ConfigClockSource                0x08003221   Thumb Code   220  stm32f1xx_hal_tim.o(i.HAL_TIM_ConfigClockSource)
    HAL_TIM_MspPostInit                      0x080032fd   Thumb Code    62  stm32f1xx_hal_msp.o(i.HAL_TIM_MspPostInit)
    HAL_TIM_PWM_ConfigChannel                0x08003345   Thumb Code   204  stm32f1xx_hal_tim.o(i.HAL_TIM_PWM_ConfigChannel)
    HAL_TIM_PWM_Init                         0x08003411   Thumb Code    90  stm32f1xx_hal_tim.o(i.HAL_TIM_PWM_Init)
    HAL_TIM_PWM_MspInit                      0x0800346b   Thumb Code     2  stm32f1xx_hal_tim.o(i.HAL_TIM_PWM_MspInit)
    HAL_TIM_PWM_Start                        0x0800346d   Thumb Code   144  stm32f1xx_hal_tim.o(i.HAL_TIM_PWM_Start)
    HardFault_Handler                        0x08003509   Thumb Code     2  stm32f1xx_it.o(i.HardFault_Handler)
    ImportProduct                            0x0800350d   Thumb Code   120  main.o(i.ImportProduct)
    MX_USB_DEVICE_Init                       0x08003781   Thumb Code    66  usb_device.o(i.MX_USB_DEVICE_Init)
    ManualControl                            0x080037d5   Thumb Code   132  main.o(i.ManualControl)
    MemManage_Handler                        0x0800385d   Thumb Code     2  stm32f1xx_it.o(i.MemManage_Handler)
    ModeControl                              0x08003861   Thumb Code   120  main.o(i.ModeControl)
    NMI_Handler                              0x080038dd   Thumb Code     2  stm32f1xx_it.o(i.NMI_Handler)
    PendSV_Handler                           0x08003c8b   Thumb Code     2  stm32f1xx_it.o(i.PendSV_Handler)
    PerformSteps                             0x08003c8d   Thumb Code    80  main.o(i.PerformSteps)
    PosProduct                               0x08003ce1   Thumb Code   684  main.o(i.PosProduct)
    PositionControl                          0x08003fc9   Thumb Code   696  main.o(i.PositionControl)
    ResetHome                                0x080042bd   Thumb Code   220  main.o(i.ResetHome)
    SVC_Handler                              0x080043b1   Thumb Code     2  stm32f1xx_it.o(i.SVC_Handler)
    SysTick_Handler                          0x080043b3   Thumb Code     4  stm32f1xx_it.o(i.SysTick_Handler)
    SystemClock_Config                       0x080043b7   Thumb Code   118  main.o(i.SystemClock_Config)
    SystemInit                               0x0800442d   Thumb Code     2  system_stm32f1xx.o(i.SystemInit)
    TIM_Base_SetConfig                       0x08004431   Thumb Code    94  stm32f1xx_hal_tim.o(i.TIM_Base_SetConfig)
    TIM_CCxChannelCmd                        0x0800449d   Thumb Code    26  stm32f1xx_hal_tim.o(i.TIM_CCxChannelCmd)
    TIM_ETR_SetConfig                        0x080044b7   Thumb Code    20  stm32f1xx_hal_tim.o(i.TIM_ETR_SetConfig)
    TIM_OC2_SetConfig                        0x0800452d   Thumb Code    84  stm32f1xx_hal_tim.o(i.TIM_OC2_SetConfig)
    USBD_CDC_GetDeviceQualifierDescriptor    0x08004745   Thumb Code     8  usbd_cdc.o(i.USBD_CDC_GetDeviceQualifierDescriptor)
    USBD_CDC_ReceivePacket                   0x08004809   Thumb Code    40  usbd_cdc.o(i.USBD_CDC_ReceivePacket)
    USBD_CDC_RegisterInterface               0x08004831   Thumb Code    16  usbd_cdc.o(i.USBD_CDC_RegisterInterface)
    USBD_CDC_SetRxBuffer                     0x08004841   Thumb Code    12  usbd_cdc.o(i.USBD_CDC_SetRxBuffer)
    USBD_CDC_SetTxBuffer                     0x0800484d   Thumb Code    16  usbd_cdc.o(i.USBD_CDC_SetTxBuffer)
    USBD_ClrClassConfig                      0x08004909   Thumb Code    14  usbd_core.o(i.USBD_ClrClassConfig)
    USBD_CtlContinueRx                       0x08004917   Thumb Code    16  usbd_ioreq.o(i.USBD_CtlContinueRx)
    USBD_CtlContinueSendData                 0x08004927   Thumb Code    16  usbd_ioreq.o(i.USBD_CtlContinueSendData)
    USBD_CtlError                            0x08004937   Thumb Code    22  usbd_ctlreq.o(i.USBD_CtlError)
    USBD_CtlPrepareRx                        0x0800494d   Thumb Code    30  usbd_ioreq.o(i.USBD_CtlPrepareRx)
    USBD_CtlReceiveStatus                    0x0800496b   Thumb Code    22  usbd_ioreq.o(i.USBD_CtlReceiveStatus)
    USBD_CtlSendData                         0x08004981   Thumb Code    26  usbd_ioreq.o(i.USBD_CtlSendData)
    USBD_CtlSendStatus                       0x0800499b   Thumb Code    22  usbd_ioreq.o(i.USBD_CtlSendStatus)
    USBD_FS_ConfigStrDescriptor              0x080049b1   Thumb Code    16  usbd_desc.o(i.USBD_FS_ConfigStrDescriptor)
    USBD_FS_DeviceDescriptor                 0x080049d1   Thumb Code     8  usbd_desc.o(i.USBD_FS_DeviceDescriptor)
    USBD_FS_InterfaceStrDescriptor           0x080049dd   Thumb Code    16  usbd_desc.o(i.USBD_FS_InterfaceStrDescriptor)
    USBD_FS_LangIDStrDescriptor              0x08004a01   Thumb Code     8  usbd_desc.o(i.USBD_FS_LangIDStrDescriptor)
    USBD_FS_ManufacturerStrDescriptor        0x08004a0d   Thumb Code    16  usbd_desc.o(i.USBD_FS_ManufacturerStrDescriptor)
    USBD_FS_ProductStrDescriptor             0x08004a35   Thumb Code    16  usbd_desc.o(i.USBD_FS_ProductStrDescriptor)
    USBD_FS_SerialStrDescriptor              0x08004a61   Thumb Code    48  usbd_desc.o(i.USBD_FS_SerialStrDescriptor)
    USBD_GetString                           0x08004b81   Thumb Code    72  usbd_ctlreq.o(i.USBD_GetString)
    USBD_Init                                0x08004be1   Thumb Code    42  usbd_core.o(i.USBD_Init)
    USBD_LL_ClearStallEP                     0x08004c0b   Thumb Code    18  usbd_conf.o(i.USBD_LL_ClearStallEP)
    USBD_LL_CloseEP                          0x08004c1d   Thumb Code    18  usbd_conf.o(i.USBD_LL_CloseEP)
    USBD_LL_DataInStage                      0x08004c2f   Thumb Code   198  usbd_core.o(i.USBD_LL_DataInStage)
    USBD_LL_DataOutStage                     0x08004cf5   Thumb Code   130  usbd_core.o(i.USBD_LL_DataOutStage)
    USBD_LL_GetRxDataSize                    0x08004d77   Thumb Code     8  usbd_conf.o(i.USBD_LL_GetRxDataSize)
    USBD_LL_Init                             0x08004d81   Thumb Code   118  usbd_conf.o(i.USBD_LL_Init)
    USBD_LL_IsStallEP                        0x08004e01   Thumb Code    32  usbd_conf.o(i.USBD_LL_IsStallEP)
    USBD_LL_OpenEP                           0x08004e21   Thumb Code    24  usbd_conf.o(i.USBD_LL_OpenEP)
    USBD_LL_PrepareReceive                   0x08004e39   Thumb Code    18  usbd_conf.o(i.USBD_LL_PrepareReceive)
    USBD_LL_Reset                            0x08004e4b   Thumb Code    80  usbd_core.o(i.USBD_LL_Reset)
    USBD_LL_Resume                           0x08004e9b   Thumb Code    20  usbd_core.o(i.USBD_LL_Resume)
    USBD_LL_SOF                              0x08004eaf   Thumb Code    24  usbd_core.o(i.USBD_LL_SOF)
    USBD_LL_SetSpeed                         0x08004ec7   Thumb Code     6  usbd_core.o(i.USBD_LL_SetSpeed)
    USBD_LL_SetUSBAddress                    0x08004ecd   Thumb Code    18  usbd_conf.o(i.USBD_LL_SetUSBAddress)
    USBD_LL_SetupStage                       0x08004edf   Thumb Code    90  usbd_core.o(i.USBD_LL_SetupStage)
    USBD_LL_StallEP                          0x08004f39   Thumb Code    18  usbd_conf.o(i.USBD_LL_StallEP)
    USBD_LL_Start                            0x08004f4b   Thumb Code    18  usbd_conf.o(i.USBD_LL_Start)
    USBD_LL_Suspend                          0x08004f5d   Thumb Code    18  usbd_core.o(i.USBD_LL_Suspend)
    USBD_LL_Transmit                         0x08004f6f   Thumb Code    18  usbd_conf.o(i.USBD_LL_Transmit)
    USBD_ParseSetupRequest                   0x08004f81   Thumb Code    40  usbd_ctlreq.o(i.USBD_ParseSetupRequest)
    USBD_RegisterClass                       0x08004fa9   Thumb Code    16  usbd_core.o(i.USBD_RegisterClass)
    USBD_SetClassConfig                      0x08004fb9   Thumb Code    22  usbd_core.o(i.USBD_SetClassConfig)
    USBD_Start                               0x08005055   Thumb Code    10  usbd_core.o(i.USBD_Start)
    USBD_StdDevReq                           0x0800505f   Thumb Code   274  usbd_ctlreq.o(i.USBD_StdDevReq)
    USBD_StdEPReq                            0x08005171   Thumb Code   336  usbd_ctlreq.o(i.USBD_StdEPReq)
    USBD_StdItfReq                           0x080052c1   Thumb Code    78  usbd_ctlreq.o(i.USBD_StdItfReq)
    USBD_static_free                         0x0800530f   Thumb Code     2  usbd_conf.o(i.USBD_static_free)
    USBD_static_malloc                       0x08005311   Thumb Code     4  usbd_conf.o(i.USBD_static_malloc)
    USB_ActivateEndpoint                     0x08005319   Thumb Code   668  stm32f1xx_ll_usb.o(i.USB_ActivateEndpoint)
    USB_CoreInit                             0x080055b5   Thumb Code     4  stm32f1xx_ll_usb.o(i.USB_CoreInit)
    USB_DeactivateEndpoint                   0x080055b9   Thumb Code   270  stm32f1xx_ll_usb.o(i.USB_DeactivateEndpoint)
    USB_DevConnect                           0x080056c7   Thumb Code     4  stm32f1xx_ll_usb.o(i.USB_DevConnect)
    USB_DevDisconnect                        0x080056cb   Thumb Code     4  stm32f1xx_ll_usb.o(i.USB_DevDisconnect)
    USB_DevInit                              0x080056cf   Thumb Code    18  stm32f1xx_ll_usb.o(i.USB_DevInit)
    USB_DisableGlobalInt                     0x080056e1   Thumb Code    14  stm32f1xx_ll_usb.o(i.USB_DisableGlobalInt)
    USB_EP0_OutStart                         0x080056ef   Thumb Code     4  stm32f1xx_ll_usb.o(i.USB_EP0_OutStart)
    USB_EPClearStall                         0x080056f3   Thumb Code   120  stm32f1xx_ll_usb.o(i.USB_EPClearStall)
    USB_EPSetStall                           0x0800576b   Thumb Code    50  stm32f1xx_ll_usb.o(i.USB_EPSetStall)
    USB_EPStartXfer                          0x0800579d   Thumb Code  1250  stm32f1xx_ll_usb.o(i.USB_EPStartXfer)
    USB_EnableGlobalInt                      0x08005c7f   Thumb Code    18  stm32f1xx_ll_usb.o(i.USB_EnableGlobalInt)
    USB_LP_CAN1_RX0_IRQHandler               0x08005c91   Thumb Code     6  stm32f1xx_it.o(i.USB_LP_CAN1_RX0_IRQHandler)
    USB_ReadInterrupts                       0x08005c9d   Thumb Code     6  stm32f1xx_ll_usb.o(i.USB_ReadInterrupts)
    USB_ReadPMA                              0x08005ca5   Thumb Code    44  stm32f1xx_ll_usb.o(i.USB_ReadPMA)
    USB_SetCurrentMode                       0x08005cd1   Thumb Code     4  stm32f1xx_ll_usb.o(i.USB_SetCurrentMode)
    USB_SetDevAddress                        0x08005cd5   Thumb Code    12  stm32f1xx_ll_usb.o(i.USB_SetDevAddress)
    USB_WritePMA                             0x08005ce1   Thumb Code    38  stm32f1xx_ll_usb.o(i.USB_WritePMA)
    UpDown                                   0x08005d07   Thumb Code    14  main.o(i.UpDown)
    UsageFault_Handler                       0x08005d15   Thumb Code     2  stm32f1xx_it.o(i.UsageFault_Handler)
    __ARM_fpclassify                         0x08005d17   Thumb Code    40  fpclassify.o(i.__ARM_fpclassify)
    __kernel_poly                            0x08005d5f   Thumb Code   170  poly.o(i.__kernel_poly)
    __mathlib_dbl_infnan                     0x08005e09   Thumb Code     6  dunder.o(i.__mathlib_dbl_infnan)
    __mathlib_dbl_overflow                   0x08005e0f   Thumb Code    14  dunder.o(i.__mathlib_dbl_overflow)
    __mathlib_dbl_underflow                  0x08005e1d   Thumb Code    10  dunder.o(i.__mathlib_dbl_underflow)
    __mathlib_narrow                         0x08005e2d   Thumb Code    16  narrow.o(i.__mathlib_narrow)
    __mathlib_tofloat                        0x08005e3d   Thumb Code   184  narrow.o(i.__mathlib_tofloat)
    __support_ldexp                          0x08005ef9   Thumb Code    22  ldexp.o(i.__support_ldexp)
    _is_digit                                0x08005f0f   Thumb Code    14  __printf_wp.o(i._is_digit)
    atan                                     0x08005f1d   Thumb Code   474  atan.o(i.atan)
    backhome                                 0x0800613d   Thumb Code   188  main.o(i.backhome)
    frexp                                    0x0800620d   Thumb Code    80  frexp.o(i.frexp)
    ldexp                                    0x08006265   Thumb Code   116  ldexp.o(i.ldexp)
    main                                     0x080062d9   Thumb Code    62  main.o(i.main)
    microDelay                               0x08006321   Thumb Code    18  main.o(i.microDelay)
    moveXY                                   0x08006339   Thumb Code   250  main.o(i.moveXY)
    sqrt                                     0x0800643d   Thumb Code    76  sqrt.o(i.sqrt)
    _get_lc_numeric                          0x08006489   Thumb Code    44  lc_numeric_c.o(locale$$code)
    _get_lc_ctype                            0x080064b5   Thumb Code    44  lc_ctype_c.o(locale$$code)
    __aeabi_d2f                              0x080064e1   Thumb Code     0  d2f.o(x$fpl$d2f)
    _d2f                                     0x080064e1   Thumb Code    98  d2f.o(x$fpl$d2f)
    __aeabi_dadd                             0x08006545   Thumb Code     0  daddsub_clz.o(x$fpl$dadd)
    _dadd                                    0x08006545   Thumb Code   332  daddsub_clz.o(x$fpl$dadd)
    __fpl_dcheck_NaN1                        0x08006695   Thumb Code    10  dcheck1.o(x$fpl$dcheck1)
    __fpl_dcmp_Inf                           0x080066a5   Thumb Code    24  dcmpi.o(x$fpl$dcmpinf)
    __aeabi_ddiv                             0x080066bd   Thumb Code     0  ddiv.o(x$fpl$ddiv)
    _ddiv                                    0x080066bd   Thumb Code   552  ddiv.o(x$fpl$ddiv)
    __aeabi_cdcmpeq                          0x0800696d   Thumb Code     0  deqf.o(x$fpl$deqf)
    _dcmpeq                                  0x0800696d   Thumb Code   120  deqf.o(x$fpl$deqf)
    __aeabi_d2iz                             0x080069e5   Thumb Code     0  dfix.o(x$fpl$dfix)
    _dfix                                    0x080069e5   Thumb Code    94  dfix.o(x$fpl$dfix)
    __aeabi_i2d                              0x08006a43   Thumb Code     0  dflt_clz.o(x$fpl$dflt)
    _dflt                                    0x08006a43   Thumb Code    46  dflt_clz.o(x$fpl$dflt)
    __aeabi_cdcmple                          0x08006a71   Thumb Code     0  dleqf.o(x$fpl$dleqf)
    _dcmple                                  0x08006a71   Thumb Code   120  dleqf.o(x$fpl$dleqf)
    __fpl_dcmple_InfNaN                      0x08006ad3   Thumb Code     0  dleqf.o(x$fpl$dleqf)
    __aeabi_dmul                             0x08006ae9   Thumb Code     0  dmul.o(x$fpl$dmul)
    _dmul                                    0x08006ae9   Thumb Code   332  dmul.o(x$fpl$dmul)
    __fpl_dnaninf                            0x08006c3d   Thumb Code   156  dnaninf.o(x$fpl$dnaninf)
    __fpl_dretinf                            0x08006cd9   Thumb Code    12  dretinf.o(x$fpl$dretinf)
    __aeabi_cdrcmple                         0x08006ce5   Thumb Code     0  drleqf.o(x$fpl$drleqf)
    _drcmple                                 0x08006ce5   Thumb Code   108  drleqf.o(x$fpl$drleqf)
    __aeabi_drsub                            0x08006d51   Thumb Code     0  daddsub_clz.o(x$fpl$drsb)
    _drsb                                    0x08006d51   Thumb Code    22  daddsub_clz.o(x$fpl$drsb)
    _dsqrt                                   0x08006d69   Thumb Code   456  dsqrt_noumaal.o(x$fpl$dsqrt)
    __aeabi_dsub                             0x08006f35   Thumb Code     0  daddsub_clz.o(x$fpl$dsub)
    _dsub                                    0x08006f35   Thumb Code   464  daddsub_clz.o(x$fpl$dsub)
    __aeabi_f2d                              0x08007109   Thumb Code     0  f2d.o(x$fpl$f2d)
    _f2d                                     0x08007109   Thumb Code    86  f2d.o(x$fpl$f2d)
    __fpl_fcheck_NaN1                        0x08007161   Thumb Code     6  fcheck1.o(x$fpl$fcheck1)
    __aeabi_f2iz                             0x0800716d   Thumb Code     0  ffix.o(x$fpl$ffix)
    _ffix                                    0x0800716d   Thumb Code    54  ffix.o(x$fpl$ffix)
    __aeabi_f2uiz                            0x080071a5   Thumb Code     0  ffixu.o(x$fpl$ffixu)
    _ffixu                                   0x080071a5   Thumb Code    62  ffixu.o(x$fpl$ffixu)
    __aeabi_i2f                              0x080071e5   Thumb Code     0  fflt_clz.o(x$fpl$fflt)
    _fflt                                    0x080071e5   Thumb Code    48  fflt_clz.o(x$fpl$fflt)
    __aeabi_fmul                             0x08007215   Thumb Code     0  fmul.o(x$fpl$fmul)
    _fmul                                    0x08007215   Thumb Code   258  fmul.o(x$fpl$fmul)
    __fpl_fnaninf                            0x08007317   Thumb Code   140  fnaninf.o(x$fpl$fnaninf)
    __fpl_fretinf                            0x080073a3   Thumb Code    10  fretinf.o(x$fpl$fretinf)
    __ieee_status                            0x080073ad   Thumb Code     6  istatus.o(x$fpl$ieeestatus)
    __fpl_return_NaN                         0x080073b3   Thumb Code   100  retnan.o(x$fpl$retnan)
    __ARM_scalbn                             0x08007417   Thumb Code    92  scalbn.o(x$fpl$scalbn)
    __ARM_scalbnf                            0x08007473   Thumb Code    76  scalbnf.o(x$fpl$scalbnf)
    _scanf_real                              0x080074bf   Thumb Code     4  scanf1.o(x$fpl$scanf1)
    _scanf_hex_real                          0x080074c3   Thumb Code     4  scanf2.o(x$fpl$scanf2)
    _scanf_infnan                            0x080074c7   Thumb Code     4  scanf2.o(x$fpl$scanf2)
    __fpl_cmpreturn                          0x080074cb   Thumb Code    48  trapv.o(x$fpl$trapveneer)
    __I$use$fp                               0x080074fa   Number         0  usenofp.o(x$fpl$usenofp)
    AHBPrescTable                            0x0800750c   Data          16  system_stm32f1xx.o(.constdata)
    Region$$Table$$Base                      0x0800764c   Number         0  anon$$obj.o(Region$$Table)
    Region$$Table$$Limit                     0x0800766c   Number         0  anon$$obj.o(Region$$Table)
    __aeabi_HUGE_VAL                         0x0800766c   Data           0  fpconst.o(c$$dinf)
    __aeabi_HUGE_VALL                        0x0800766c   Data           0  fpconst.o(c$$dinf)
    __aeabi_INFINITY                         0x0800766c   Data           0  fpconst.o(c$$dinf)
    __dInf                                   0x0800766c   Data           0  fpconst.o(c$$dinf)
    __huge_val                               0x0800766c   Data           0  fpconst.o(c$$dinf)
    __dbl_max                                0x08007674   Data           0  fpconst.o(c$$dmax)
    __ctype                                  0x080076a5   Data           0  lc_ctype_c.o(locale$$data)
    disX                                     0x20000000   Data           1  main.o(.data)
    disY                                     0x20000001   Data           1  main.o(.data)
    Manualdata                               0x20000002   Data           1  main.o(.data)
    distance                                 0x20000004   Data           2  main.o(.data)
    LengthWH                                 0x20000006   Data           2  main.o(.data)
    val1                                     0x20000008   Data           4  main.o(.data)
    val2                                     0x2000000c   Data           4  main.o(.data)
    Xdata                                    0x20000010   Data           4  main.o(.data)
    Ydata                                    0x20000014   Data           4  main.o(.data)
    Zdata                                    0x20000018   Data           4  main.o(.data)
    CurDataX                                 0x2000001c   Data           4  main.o(.data)
    CurDataY                                 0x20000020   Data           4  main.o(.data)
    CurDataZ                                 0x20000024   Data           4  main.o(.data)
    pMillis                                  0x20000028   Data           4  main.o(.data)
    temp1                                    0x20000030   Data           8  main.o(.data)
    temp2                                    0x20000038   Data           8  main.o(.data)
    pz_temp                                  0x20000040   Data           8  main.o(.data)
    Modedata                                 0x20000048   Data           1  main.o(.data)
    uwTickFreq                               0x2000004c   Data           1  stm32f1xx_hal.o(.data)
    uwTickPrio                               0x20000050   Data           4  stm32f1xx_hal.o(.data)
    uwTick                                   0x20000054   Data           4  stm32f1xx_hal.o(.data)
    SystemCoreClock                          0x20000058   Data           4  system_stm32f1xx.o(.data)
    FS_Desc                                  0x2000005c   Data          28  usbd_desc.o(.data)
    USBD_LangIDDesc                          0x20000078   Data           4  usbd_desc.o(.data)
    USBD_FS_DeviceDesc                       0x2000007c   Data          18  usbd_desc.o(.data)
    USBD_StringSerial                        0x20000090   Data          26  usbd_desc.o(.data)
    USBD_Interface_fops_FS                   0x200000ac   Data          16  usbd_cdc_if.o(.data)
    USBD_CDC_CfgHSDesc                       0x200000cc   Data          67  usbd_cdc.o(.data)
    USBD_CDC_CfgFSDesc                       0x20000110   Data          67  usbd_cdc.o(.data)
    USBD_CDC_OtherSpeedCfgDesc               0x20000154   Data          67  usbd_cdc.o(.data)
    USBD_CDC                                 0x20000198   Data          56  usbd_cdc.o(.data)
    htim1                                    0x200001d0   Data          72  main.o(.bss)
    htim2                                    0x20000218   Data          72  main.o(.bss)
    USB_Rx_Buffer                            0x20000260   Data          64  main.o(.bss)
    hUsbDeviceFS                             0x200002a0   Data         708  usb_device.o(.bss)
    USBD_StrDesc                             0x20000564   Data         512  usbd_desc.o(.bss)
    UserRxBufferFS                           0x20000764   Data        1024  usbd_cdc_if.o(.bss)
    UserTxBufferFS                           0x20000b64   Data        1024  usbd_cdc_if.o(.bss)
    hpcd_USB_FS                              0x20001184   Data         752  usbd_conf.o(.bss)
    __libspace_start                         0x20001474   Data          96  libspace.o(.bss)
    __temporary_stack_top$libspace           0x200014d4   Data           0  libspace.o(.bss)



==============================================================================

Memory Map of the image

  Image Entry point : 0x080000ed

  Load Region LR_IROM1 (Base: 0x08000000, Size: 0x00007978, Max: 0x00010000, ABSOLUTE, COMPRESSED[0x00007870])

    Execution Region ER_IROM1 (Exec base: 0x08000000, Load base: 0x08000000, Size: 0x000077a8, Max: 0x00010000, ABSOLUTE)

    Exec Addr    Load Addr    Size         Type   Attr      Idx    E Section Name        Object

    0x08000000   0x08000000   0x000000ec   Data   RO            3    RESET               startup_stm32f103xb.o
    0x080000ec   0x080000ec   0x00000008   Code   RO         3701  * !!!main             c_w.l(__main.o)
    0x080000f4   0x080000f4   0x00000034   Code   RO         4080    !!!scatter          c_w.l(__scatter.o)
    0x08000128   0x08000128   0x0000005a   Code   RO         4078    !!dczerorl2         c_w.l(__dczerorl2.o)
    0x08000182   0x08000182   0x00000002   PAD
    0x08000184   0x08000184   0x0000001c   Code   RO         4082    !!handler_zi        c_w.l(__scatter_zi.o)
    0x080001a0   0x080001a0   0x00000002   Code   RO         3921    .ARM.Collect$$libinit$$00000000  c_w.l(libinit.o)
    0x080001a2   0x080001a2   0x00000000   Code   RO         3923    .ARM.Collect$$libinit$$00000002  c_w.l(libinit2.o)
    0x080001a2   0x080001a2   0x00000000   Code   RO         3925    .ARM.Collect$$libinit$$00000004  c_w.l(libinit2.o)
    0x080001a2   0x080001a2   0x00000000   Code   RO         3928    .ARM.Collect$$libinit$$0000000A  c_w.l(libinit2.o)
    0x080001a2   0x080001a2   0x00000000   Code   RO         3930    .ARM.Collect$$libinit$$0000000C  c_w.l(libinit2.o)
    0x080001a2   0x080001a2   0x00000000   Code   RO         3932    .ARM.Collect$$libinit$$0000000E  c_w.l(libinit2.o)
    0x080001a2   0x080001a2   0x00000006   Code   RO         3933    .ARM.Collect$$libinit$$0000000F  c_w.l(libinit2.o)
    0x080001a8   0x080001a8   0x00000000   Code   RO         3935    .ARM.Collect$$libinit$$00000011  c_w.l(libinit2.o)
    0x080001a8   0x080001a8   0x0000000c   Code   RO         3936    .ARM.Collect$$libinit$$00000012  c_w.l(libinit2.o)
    0x080001b4   0x080001b4   0x00000000   Code   RO         3937    .ARM.Collect$$libinit$$00000013  c_w.l(libinit2.o)
    0x080001b4   0x080001b4   0x00000000   Code   RO         3939    .ARM.Collect$$libinit$$00000015  c_w.l(libinit2.o)
    0x080001b4   0x080001b4   0x0000000a   Code   RO         3940    .ARM.Collect$$libinit$$00000016  c_w.l(libinit2.o)
    0x080001be   0x080001be   0x00000000   Code   RO         3941    .ARM.Collect$$libinit$$00000017  c_w.l(libinit2.o)
    0x080001be   0x080001be   0x00000000   Code   RO         3943    .ARM.Collect$$libinit$$00000019  c_w.l(libinit2.o)
    0x080001be   0x080001be   0x00000000   Code   RO         3945    .ARM.Collect$$libinit$$0000001B  c_w.l(libinit2.o)
    0x080001be   0x080001be   0x00000000   Code   RO         3947    .ARM.Collect$$libinit$$0000001D  c_w.l(libinit2.o)
    0x080001be   0x080001be   0x00000000   Code   RO         3949    .ARM.Collect$$libinit$$0000001F  c_w.l(libinit2.o)
    0x080001be   0x080001be   0x00000000   Code   RO         3951    .ARM.Collect$$libinit$$00000021  c_w.l(libinit2.o)
    0x080001be   0x080001be   0x00000000   Code   RO         3953    .ARM.Collect$$libinit$$00000023  c_w.l(libinit2.o)
    0x080001be   0x080001be   0x00000000   Code   RO         3955    .ARM.Collect$$libinit$$00000025  c_w.l(libinit2.o)
    0x080001be   0x080001be   0x00000000   Code   RO         3959    .ARM.Collect$$libinit$$0000002C  c_w.l(libinit2.o)
    0x080001be   0x080001be   0x00000000   Code   RO         3961    .ARM.Collect$$libinit$$0000002E  c_w.l(libinit2.o)
    0x080001be   0x080001be   0x00000000   Code   RO         3963    .ARM.Collect$$libinit$$00000030  c_w.l(libinit2.o)
    0x080001be   0x080001be   0x00000000   Code   RO         3965    .ARM.Collect$$libinit$$00000032  c_w.l(libinit2.o)
    0x080001be   0x080001be   0x00000002   Code   RO         3966    .ARM.Collect$$libinit$$00000033  c_w.l(libinit2.o)
    0x080001c0   0x080001c0   0x00000002   Code   RO         4026    .ARM.Collect$$libshutdown$$00000000  c_w.l(libshutdown.o)
    0x080001c2   0x080001c2   0x00000000   Code   RO         4037    .ARM.Collect$$libshutdown$$00000002  c_w.l(libshutdown2.o)
    0x080001c2   0x080001c2   0x00000000   Code   RO         4039    .ARM.Collect$$libshutdown$$00000004  c_w.l(libshutdown2.o)
    0x080001c2   0x080001c2   0x00000000   Code   RO         4042    .ARM.Collect$$libshutdown$$00000007  c_w.l(libshutdown2.o)
    0x080001c2   0x080001c2   0x00000000   Code   RO         4045    .ARM.Collect$$libshutdown$$0000000A  c_w.l(libshutdown2.o)
    0x080001c2   0x080001c2   0x00000000   Code   RO         4047    .ARM.Collect$$libshutdown$$0000000C  c_w.l(libshutdown2.o)
    0x080001c2   0x080001c2   0x00000000   Code   RO         4050    .ARM.Collect$$libshutdown$$0000000F  c_w.l(libshutdown2.o)
    0x080001c2   0x080001c2   0x00000002   Code   RO         4051    .ARM.Collect$$libshutdown$$00000010  c_w.l(libshutdown2.o)
    0x080001c4   0x080001c4   0x00000000   Code   RO         3771    .ARM.Collect$$rtentry$$00000000  c_w.l(__rtentry.o)
    0x080001c4   0x080001c4   0x00000000   Code   RO         3823    .ARM.Collect$$rtentry$$00000002  c_w.l(__rtentry2.o)
    0x080001c4   0x080001c4   0x00000006   Code   RO         3835    .ARM.Collect$$rtentry$$00000004  c_w.l(__rtentry4.o)
    0x080001ca   0x080001ca   0x00000000   Code   RO         3825    .ARM.Collect$$rtentry$$00000009  c_w.l(__rtentry2.o)
    0x080001ca   0x080001ca   0x00000004   Code   RO         3826    .ARM.Collect$$rtentry$$0000000A  c_w.l(__rtentry2.o)
    0x080001ce   0x080001ce   0x00000000   Code   RO         3828    .ARM.Collect$$rtentry$$0000000C  c_w.l(__rtentry2.o)
    0x080001ce   0x080001ce   0x00000008   Code   RO         3829    .ARM.Collect$$rtentry$$0000000D  c_w.l(__rtentry2.o)
    0x080001d6   0x080001d6   0x00000002   Code   RO         3977    .ARM.Collect$$rtexit$$00000000  c_w.l(rtexit.o)
    0x080001d8   0x080001d8   0x00000000   Code   RO         4003    .ARM.Collect$$rtexit$$00000002  c_w.l(rtexit2.o)
    0x080001d8   0x080001d8   0x00000004   Code   RO         4004    .ARM.Collect$$rtexit$$00000003  c_w.l(rtexit2.o)
    0x080001dc   0x080001dc   0x00000006   Code   RO         4005    .ARM.Collect$$rtexit$$00000004  c_w.l(rtexit2.o)
    0x080001e2   0x080001e2   0x00000002   PAD
    0x080001e4   0x080001e4   0x00000040   Code   RO            4    .text               startup_stm32f103xb.o
    0x08000224   0x08000224   0x0000003c   Code   RO         3685    .text               c_w.l(__0sscanf.o)
    0x08000260   0x08000260   0x000000e0   Code   RO         3687    .text               c_w.l(_scanf_str.o)
    0x08000340   0x08000340   0x0000008a   Code   RO         3691    .text               c_w.l(rt_memcpy_v6.o)
    0x080003ca   0x080003ca   0x00000064   Code   RO         3693    .text               c_w.l(rt_memcpy_w.o)
    0x0800042e   0x0800042e   0x00000044   Code   RO         3695    .text               c_w.l(rt_memclr.o)
    0x08000472   0x08000472   0x0000004e   Code   RO         3697    .text               c_w.l(rt_memclr_w.o)
    0x080004c0   0x080004c0   0x00000006   Code   RO         3699    .text               c_w.l(heapauxi.o)
    0x080004c6   0x080004c6   0x00000016   Code   RO         3772    .text               c_w.l(_rserrno.o)
    0x080004dc   0x080004dc   0x000004f8   Code   RO         3781    .text               c_w.l(scanf_fp.o)
    0x080009d4   0x080009d4   0x0000002c   Code   RO         3783    .text               c_w.l(scanf_char.o)
    0x08000a00   0x08000a00   0x00000040   Code   RO         3785    .text               c_w.l(_sgetc.o)
    0x08000a40   0x08000a40   0x00000008   Code   RO         3840    .text               c_w.l(rt_locale_intlibspace.o)
    0x08000a48   0x08000a48   0x00000008   Code   RO         3845    .text               c_w.l(rt_errno_addr_intlibspace.o)
    0x08000a50   0x08000a50   0x00000012   Code   RO         3847    .text               c_w.l(isspace.o)
    0x08000a62   0x08000a62   0x00000002   PAD
    0x08000a64   0x08000a64   0x00000374   Code   RO         3851    .text               c_w.l(_scanf.o)
    0x08000dd8   0x08000dd8   0x000000e4   Code   RO         3853    .text               c_w.l(bigflt0.o)
    0x08000ebc   0x08000ebc   0x00000008   Code   RO         3901    .text               c_w.l(libspace.o)
    0x08000ec4   0x08000ec4   0x0000004a   Code   RO         3904    .text               c_w.l(sys_stackheap_outer.o)
    0x08000f0e   0x08000f0e   0x00000002   PAD
    0x08000f10   0x08000f10   0x00000010   Code   RO         3906    .text               c_w.l(rt_ctype_table.o)
    0x08000f20   0x08000f20   0x00000320   Code   RO         3908    .text               c_w.l(scanf_hexfp.o)
    0x08001240   0x08001240   0x00000134   Code   RO         3910    .text               c_w.l(scanf_infnan.o)
    0x08001374   0x08001374   0x00000012   Code   RO         3912    .text               c_w.l(exit.o)
    0x08001386   0x08001386   0x00000002   PAD
    0x08001388   0x08001388   0x00000080   Code   RO         3914    .text               c_w.l(strcmpv7m.o)
    0x08001408   0x08001408   0x00000026   Code   RO         3979    .text               c_w.l(llshl.o)
    0x0800142e   0x0800142e   0x0000001c   Code   RO         3981    .text               c_w.l(_chval.o)
    0x0800144a   0x0800144a   0x00000002   PAD
    0x0800144c   0x0800144c   0x0000000c   Code   RO         4016    .text               c_w.l(sys_exit.o)
    0x08001458   0x08001458   0x00000002   Code   RO         4027    .text               c_w.l(use_no_semi.o)
    0x0800145a   0x0800145a   0x00000000   Code   RO         4029    .text               c_w.l(indicate_semi.o)
    0x0800145a   0x0800145a   0x00000338   Code   RO         3866    CL$$btod_div_common  c_w.l(btod.o)
    0x08001792   0x08001792   0x00000002   PAD
    0x08001794   0x08001794   0x00000084   Code   RO         3864    CL$$btod_e2d        c_w.l(btod.o)
    0x08001818   0x08001818   0x000000dc   Code   RO         3863    CL$$btod_e2e        c_w.l(btod.o)
    0x080018f4   0x080018f4   0x0000002a   Code   RO         3860    CL$$btod_ediv       c_w.l(btod.o)
    0x0800191e   0x0800191e   0x0000002a   Code   RO         3862    CL$$btod_edivd      c_w.l(btod.o)
    0x08001948   0x08001948   0x0000002a   Code   RO         3859    CL$$btod_emul       c_w.l(btod.o)
    0x08001972   0x08001972   0x0000002a   Code   RO         3861    CL$$btod_emuld      c_w.l(btod.o)
    0x0800199c   0x0800199c   0x00000244   Code   RO         3865    CL$$btod_mult_common  c_w.l(btod.o)
    0x08001be0   0x08001be0   0x00000002   Code   RO          291    i.BusFault_Handler  stm32f1xx_it.o
    0x08001be2   0x08001be2   0x00000004   Code   RO         3021    i.CDC_Control_FS    usbd_cdc_if.o
    0x08001be6   0x08001be6   0x00000004   Code   RO         3022    i.CDC_DeInit_FS     usbd_cdc_if.o
    0x08001bea   0x08001bea   0x00000002   PAD
    0x08001bec   0x08001bec   0x00000024   Code   RO         3023    i.CDC_Init_FS       usbd_cdc_if.o
    0x08001c10   0x08001c10   0x0000009c   Code   RO         3024    i.CDC_Receive_FS    usbd_cdc_if.o
    0x08001cac   0x08001cac   0x000001ac   Code   RO           13    i.CurrentPosittion  main.o
    0x08001e58   0x08001e58   0x00000002   Code   RO          292    i.DebugMon_Handler  stm32f1xx_it.o
    0x08001e5a   0x08001e5a   0x00000004   Code   RO           14    i.Error_Handler     main.o
    0x08001e5e   0x08001e5e   0x00000002   PAD
    0x08001e60   0x08001e60   0x000001e0   Code   RO         1233    i.HAL_GPIO_Init     stm32f1xx_hal_gpio.o
    0x08002040   0x08002040   0x0000000a   Code   RO         1237    i.HAL_GPIO_WritePin  stm32f1xx_hal_gpio.o
    0x0800204a   0x0800204a   0x00000002   PAD
    0x0800204c   0x0800204c   0x0000000c   Code   RO          927    i.HAL_GetTick       stm32f1xx_hal.o
    0x08002058   0x08002058   0x00000010   Code   RO          933    i.HAL_IncTick       stm32f1xx_hal.o
    0x08002068   0x08002068   0x00000024   Code   RO          934    i.HAL_Init          stm32f1xx_hal.o
    0x0800208c   0x0800208c   0x00000040   Code   RO          935    i.HAL_InitTick      stm32f1xx_hal.o
    0x080020cc   0x080020cc   0x0000003c   Code   RO          373    i.HAL_MspInit       stm32f1xx_hal_msp.o
    0x08002108   0x08002108   0x0000001a   Code   RO         1393    i.HAL_NVIC_EnableIRQ  stm32f1xx_hal_cortex.o
    0x08002122   0x08002122   0x00000002   PAD
    0x08002124   0x08002124   0x00000040   Code   RO         1399    i.HAL_NVIC_SetPriority  stm32f1xx_hal_cortex.o
    0x08002164   0x08002164   0x00000024   Code   RO         1400    i.HAL_NVIC_SetPriorityGrouping  stm32f1xx_hal_cortex.o
    0x08002188   0x08002188   0x00000024   Code   RO         1401    i.HAL_NVIC_SystemReset  stm32f1xx_hal_cortex.o
    0x080021ac   0x080021ac   0x0000003c   Code   RO          690    i.HAL_PCDEx_PMAConfig  stm32f1xx_hal_pcd_ex.o
    0x080021e8   0x080021e8   0x00000002   Code   RO         3073    i.HAL_PCDEx_SetConnectionState  usbd_conf.o
    0x080021ea   0x080021ea   0x00000012   Code   RO         3075    i.HAL_PCD_DataInStageCallback  usbd_conf.o
    0x080021fc   0x080021fc   0x00000014   Code   RO         3076    i.HAL_PCD_DataOutStageCallback  usbd_conf.o
    0x08002210   0x08002210   0x0000004c   Code   RO          461    i.HAL_PCD_EP_Close  stm32f1xx_hal_pcd.o
    0x0800225c   0x0800225c   0x0000005c   Code   RO          462    i.HAL_PCD_EP_ClrStall  stm32f1xx_hal_pcd.o
    0x080022b8   0x080022b8   0x000000e6   Code   RO          463    i.HAL_PCD_EP_DB_Receive  stm32f1xx_hal_pcd.o
    0x0800239e   0x0800239e   0x00000338   Code   RO          464    i.HAL_PCD_EP_DB_Transmit  stm32f1xx_hal_pcd.o
    0x080026d6   0x080026d6   0x00000012   Code   RO          466    i.HAL_PCD_EP_GetRxCount  stm32f1xx_hal_pcd.o
    0x080026e8   0x080026e8   0x0000005a   Code   RO          467    i.HAL_PCD_EP_Open   stm32f1xx_hal_pcd.o
    0x08002742   0x08002742   0x0000002e   Code   RO          468    i.HAL_PCD_EP_Receive  stm32f1xx_hal_pcd.o
    0x08002770   0x08002770   0x00000072   Code   RO          469    i.HAL_PCD_EP_SetStall  stm32f1xx_hal_pcd.o
    0x080027e2   0x080027e2   0x00000030   Code   RO          470    i.HAL_PCD_EP_Transmit  stm32f1xx_hal_pcd.o
    0x08002812   0x08002812   0x00000002   PAD
    0x08002814   0x08002814   0x00000134   Code   RO          472    i.HAL_PCD_IRQHandler  stm32f1xx_hal_pcd.o
    0x08002948   0x08002948   0x000000da   Code   RO          475    i.HAL_PCD_Init      stm32f1xx_hal_pcd.o
    0x08002a22   0x08002a22   0x00000002   PAD
    0x08002a24   0x08002a24   0x0000003c   Code   RO         3081    i.HAL_PCD_MspInit   usbd_conf.o
    0x08002a60   0x08002a60   0x00000026   Code   RO         3082    i.HAL_PCD_ResetCallback  usbd_conf.o
    0x08002a86   0x08002a86   0x00000008   Code   RO         3083    i.HAL_PCD_ResumeCallback  usbd_conf.o
    0x08002a8e   0x08002a8e   0x00000008   Code   RO         3084    i.HAL_PCD_SOFCallback  usbd_conf.o
    0x08002a96   0x08002a96   0x00000028   Code   RO          481    i.HAL_PCD_SetAddress  stm32f1xx_hal_pcd.o
    0x08002abe   0x08002abe   0x0000000e   Code   RO         3085    i.HAL_PCD_SetupStageCallback  usbd_conf.o
    0x08002acc   0x08002acc   0x00000032   Code   RO          483    i.HAL_PCD_Start     stm32f1xx_hal_pcd.o
    0x08002afe   0x08002afe   0x00000002   PAD
    0x08002b00   0x08002b00   0x00000024   Code   RO         3086    i.HAL_PCD_SuspendCallback  usbd_conf.o
    0x08002b24   0x08002b24   0x000000ec   Code   RO         1195    i.HAL_RCCEx_PeriphCLKConfig  stm32f1xx_hal_rcc_ex.o
    0x08002c10   0x08002c10   0x0000012c   Code   RO         1091    i.HAL_RCC_ClockConfig  stm32f1xx_hal_rcc.o
    0x08002d3c   0x08002d3c   0x0000004c   Code   RO         1100    i.HAL_RCC_GetSysClockFreq  stm32f1xx_hal_rcc.o
    0x08002d88   0x08002d88   0x00000320   Code   RO         1103    i.HAL_RCC_OscConfig  stm32f1xx_hal_rcc.o
    0x080030a8   0x080030a8   0x00000028   Code   RO         1404    i.HAL_SYSTICK_Config  stm32f1xx_hal_cortex.o
    0x080030d0   0x080030d0   0x00000068   Code   RO         2618    i.HAL_TIMEx_MasterConfigSynchronization  stm32f1xx_hal_tim_ex.o
    0x08003138   0x08003138   0x0000005a   Code   RO         1895    i.HAL_TIM_Base_Init  stm32f1xx_hal_tim.o
    0x08003192   0x08003192   0x00000002   PAD
    0x08003194   0x08003194   0x0000003c   Code   RO          375    i.HAL_TIM_Base_MspInit  stm32f1xx_hal_msp.o
    0x080031d0   0x080031d0   0x00000050   Code   RO         1898    i.HAL_TIM_Base_Start  stm32f1xx_hal_tim.o
    0x08003220   0x08003220   0x000000dc   Code   RO         1904    i.HAL_TIM_ConfigClockSource  stm32f1xx_hal_tim.o
    0x080032fc   0x080032fc   0x00000048   Code   RO          376    i.HAL_TIM_MspPostInit  stm32f1xx_hal_msp.o
    0x08003344   0x08003344   0x000000cc   Code   RO         1967    i.HAL_TIM_PWM_ConfigChannel  stm32f1xx_hal_tim.o
    0x08003410   0x08003410   0x0000005a   Code   RO         1970    i.HAL_TIM_PWM_Init  stm32f1xx_hal_tim.o
    0x0800346a   0x0800346a   0x00000002   Code   RO         1972    i.HAL_TIM_PWM_MspInit  stm32f1xx_hal_tim.o
    0x0800346c   0x0800346c   0x0000009c   Code   RO         1975    i.HAL_TIM_PWM_Start  stm32f1xx_hal_tim.o
    0x08003508   0x08003508   0x00000002   Code   RO          293    i.HardFault_Handler  stm32f1xx_it.o
    0x0800350a   0x0800350a   0x00000002   PAD
    0x0800350c   0x0800350c   0x0000007c   Code   RO           15    i.ImportProduct     main.o
    0x08003588   0x08003588   0x00000038   Code   RO         2935    i.IntToUnicode      usbd_desc.o
    0x080035c0   0x080035c0   0x000000c0   Code   RO           16    i.MX_GPIO_Init      main.o
    0x08003680   0x08003680   0x00000068   Code   RO           17    i.MX_TIM1_Init      main.o
    0x080036e8   0x080036e8   0x00000098   Code   RO           18    i.MX_TIM2_Init      main.o
    0x08003780   0x08003780   0x00000054   Code   RO         2904    i.MX_USB_DEVICE_Init  usb_device.o
    0x080037d4   0x080037d4   0x00000088   Code   RO           19    i.ManualControl     main.o
    0x0800385c   0x0800385c   0x00000002   Code   RO          294    i.MemManage_Handler  stm32f1xx_it.o
    0x0800385e   0x0800385e   0x00000002   PAD
    0x08003860   0x08003860   0x0000007c   Code   RO           20    i.ModeControl       main.o
    0x080038dc   0x080038dc   0x00000002   Code   RO          295    i.NMI_Handler       stm32f1xx_it.o
    0x080038de   0x080038de   0x000003ac   Code   RO          487    i.PCD_EP_ISR_Handler  stm32f1xx_hal_pcd.o
    0x08003c8a   0x08003c8a   0x00000002   Code   RO          296    i.PendSV_Handler    stm32f1xx_it.o
    0x08003c8c   0x08003c8c   0x00000054   Code   RO           21    i.PerformSteps      main.o
    0x08003ce0   0x08003ce0   0x000002e8   Code   RO           22    i.PosProduct        main.o
    0x08003fc8   0x08003fc8   0x000002f4   Code   RO           23    i.PositionControl   main.o
    0x080042bc   0x080042bc   0x000000f4   Code   RO           24    i.ResetHome         main.o
    0x080043b0   0x080043b0   0x00000002   Code   RO          297    i.SVC_Handler       stm32f1xx_it.o
    0x080043b2   0x080043b2   0x00000004   Code   RO          298    i.SysTick_Handler   stm32f1xx_it.o
    0x080043b6   0x080043b6   0x00000076   Code   RO           26    i.SystemClock_Config  main.o
    0x0800442c   0x0800442c   0x00000002   Code   RO         2867    i.SystemInit        system_stm32f1xx.o
    0x0800442e   0x0800442e   0x00000002   PAD
    0x08004430   0x08004430   0x0000006c   Code   RO         1988    i.TIM_Base_SetConfig  stm32f1xx_hal_tim.o
    0x0800449c   0x0800449c   0x0000001a   Code   RO         1989    i.TIM_CCxChannelCmd  stm32f1xx_hal_tim.o
    0x080044b6   0x080044b6   0x00000014   Code   RO         1999    i.TIM_ETR_SetConfig  stm32f1xx_hal_tim.o
    0x080044ca   0x080044ca   0x00000010   Code   RO         2000    i.TIM_ITRx_SetConfig  stm32f1xx_hal_tim.o
    0x080044da   0x080044da   0x00000002   PAD
    0x080044dc   0x080044dc   0x00000050   Code   RO         2001    i.TIM_OC1_SetConfig  stm32f1xx_hal_tim.o
    0x0800452c   0x0800452c   0x00000058   Code   RO         2002    i.TIM_OC2_SetConfig  stm32f1xx_hal_tim.o
    0x08004584   0x08004584   0x00000058   Code   RO         2003    i.TIM_OC3_SetConfig  stm32f1xx_hal_tim.o
    0x080045dc   0x080045dc   0x00000044   Code   RO         2004    i.TIM_OC4_SetConfig  stm32f1xx_hal_tim.o
    0x08004620   0x08004620   0x00000022   Code   RO         2006    i.TIM_TI1_ConfigInputStage  stm32f1xx_hal_tim.o
    0x08004642   0x08004642   0x00000024   Code   RO         2008    i.TIM_TI2_ConfigInputStage  stm32f1xx_hal_tim.o
    0x08004666   0x08004666   0x00000046   Code   RO         3548    i.USBD_CDC_DataIn   usbd_cdc.o
    0x080046ac   0x080046ac   0x0000002e   Code   RO         3549    i.USBD_CDC_DataOut  usbd_cdc.o
    0x080046da   0x080046da   0x00000044   Code   RO         3550    i.USBD_CDC_DeInit   usbd_cdc.o
    0x0800471e   0x0800471e   0x00000024   Code   RO         3551    i.USBD_CDC_EP0_RxReady  usbd_cdc.o
    0x08004742   0x08004742   0x00000002   PAD
    0x08004744   0x08004744   0x0000000c   Code   RO         3552    i.USBD_CDC_GetDeviceQualifierDescriptor  usbd_cdc.o
    0x08004750   0x08004750   0x0000000c   Code   RO         3553    i.USBD_CDC_GetFSCfgDesc  usbd_cdc.o
    0x0800475c   0x0800475c   0x0000000c   Code   RO         3554    i.USBD_CDC_GetHSCfgDesc  usbd_cdc.o
    0x08004768   0x08004768   0x0000000c   Code   RO         3555    i.USBD_CDC_GetOtherSpeedCfgDesc  usbd_cdc.o
    0x08004774   0x08004774   0x00000094   Code   RO         3556    i.USBD_CDC_Init     usbd_cdc.o
    0x08004808   0x08004808   0x00000028   Code   RO         3557    i.USBD_CDC_ReceivePacket  usbd_cdc.o
    0x08004830   0x08004830   0x00000010   Code   RO         3558    i.USBD_CDC_RegisterInterface  usbd_cdc.o
    0x08004840   0x08004840   0x0000000c   Code   RO         3559    i.USBD_CDC_SetRxBuffer  usbd_cdc.o
    0x0800484c   0x0800484c   0x00000010   Code   RO         3560    i.USBD_CDC_SetTxBuffer  usbd_cdc.o
    0x0800485c   0x0800485c   0x000000ac   Code   RO         3561    i.USBD_CDC_Setup    usbd_cdc.o
    0x08004908   0x08004908   0x0000000e   Code   RO         3285    i.USBD_ClrClassConfig  usbd_core.o
    0x08004916   0x08004916   0x00000010   Code   RO         3488    i.USBD_CtlContinueRx  usbd_ioreq.o
    0x08004926   0x08004926   0x00000010   Code   RO         3489    i.USBD_CtlContinueSendData  usbd_ioreq.o
    0x08004936   0x08004936   0x00000016   Code   RO         3423    i.USBD_CtlError     usbd_ctlreq.o
    0x0800494c   0x0800494c   0x0000001e   Code   RO         3490    i.USBD_CtlPrepareRx  usbd_ioreq.o
    0x0800496a   0x0800496a   0x00000016   Code   RO         3491    i.USBD_CtlReceiveStatus  usbd_ioreq.o
    0x08004980   0x08004980   0x0000001a   Code   RO         3492    i.USBD_CtlSendData  usbd_ioreq.o
    0x0800499a   0x0800499a   0x00000016   Code   RO         3493    i.USBD_CtlSendStatus  usbd_ioreq.o
    0x080049b0   0x080049b0   0x00000020   Code   RO         2936    i.USBD_FS_ConfigStrDescriptor  usbd_desc.o
    0x080049d0   0x080049d0   0x0000000c   Code   RO         2937    i.USBD_FS_DeviceDescriptor  usbd_desc.o
    0x080049dc   0x080049dc   0x00000024   Code   RO         2938    i.USBD_FS_InterfaceStrDescriptor  usbd_desc.o
    0x08004a00   0x08004a00   0x0000000c   Code   RO         2939    i.USBD_FS_LangIDStrDescriptor  usbd_desc.o
    0x08004a0c   0x08004a0c   0x00000028   Code   RO         2940    i.USBD_FS_ManufacturerStrDescriptor  usbd_desc.o
    0x08004a34   0x08004a34   0x0000002c   Code   RO         2941    i.USBD_FS_ProductStrDescriptor  usbd_desc.o
    0x08004a60   0x08004a60   0x00000038   Code   RO         2942    i.USBD_FS_SerialStrDescriptor  usbd_desc.o
    0x08004a98   0x08004a98   0x000000e8   Code   RO         3424    i.USBD_GetDescriptor  usbd_ctlreq.o
    0x08004b80   0x08004b80   0x00000048   Code   RO         3425    i.USBD_GetString    usbd_ctlreq.o
    0x08004bc8   0x08004bc8   0x00000018   Code   RO         3087    i.USBD_Get_USB_Status  usbd_conf.o
    0x08004be0   0x08004be0   0x0000002a   Code   RO         3287    i.USBD_Init         usbd_core.o
    0x08004c0a   0x08004c0a   0x00000012   Code   RO         3088    i.USBD_LL_ClearStallEP  usbd_conf.o
    0x08004c1c   0x08004c1c   0x00000012   Code   RO         3089    i.USBD_LL_CloseEP   usbd_conf.o
    0x08004c2e   0x08004c2e   0x000000c6   Code   RO         3288    i.USBD_LL_DataInStage  usbd_core.o
    0x08004cf4   0x08004cf4   0x00000082   Code   RO         3289    i.USBD_LL_DataOutStage  usbd_core.o
    0x08004d76   0x08004d76   0x00000008   Code   RO         3093    i.USBD_LL_GetRxDataSize  usbd_conf.o
    0x08004d7e   0x08004d7e   0x00000002   PAD
    0x08004d80   0x08004d80   0x00000080   Code   RO         3094    i.USBD_LL_Init      usbd_conf.o
    0x08004e00   0x08004e00   0x00000020   Code   RO         3095    i.USBD_LL_IsStallEP  usbd_conf.o
    0x08004e20   0x08004e20   0x00000018   Code   RO         3096    i.USBD_LL_OpenEP    usbd_conf.o
    0x08004e38   0x08004e38   0x00000012   Code   RO         3097    i.USBD_LL_PrepareReceive  usbd_conf.o
    0x08004e4a   0x08004e4a   0x00000050   Code   RO         3294    i.USBD_LL_Reset     usbd_core.o
    0x08004e9a   0x08004e9a   0x00000014   Code   RO         3295    i.USBD_LL_Resume    usbd_core.o
    0x08004eae   0x08004eae   0x00000018   Code   RO         3296    i.USBD_LL_SOF       usbd_core.o
    0x08004ec6   0x08004ec6   0x00000006   Code   RO         3297    i.USBD_LL_SetSpeed  usbd_core.o
    0x08004ecc   0x08004ecc   0x00000012   Code   RO         3098    i.USBD_LL_SetUSBAddress  usbd_conf.o
    0x08004ede   0x08004ede   0x0000005a   Code   RO         3298    i.USBD_LL_SetupStage  usbd_core.o
    0x08004f38   0x08004f38   0x00000012   Code   RO         3099    i.USBD_LL_StallEP   usbd_conf.o
    0x08004f4a   0x08004f4a   0x00000012   Code   RO         3100    i.USBD_LL_Start     usbd_conf.o
    0x08004f5c   0x08004f5c   0x00000012   Code   RO         3299    i.USBD_LL_Suspend   usbd_core.o
    0x08004f6e   0x08004f6e   0x00000012   Code   RO         3102    i.USBD_LL_Transmit  usbd_conf.o
    0x08004f80   0x08004f80   0x00000028   Code   RO         3426    i.USBD_ParseSetupRequest  usbd_ctlreq.o
    0x08004fa8   0x08004fa8   0x00000010   Code   RO         3300    i.USBD_RegisterClass  usbd_core.o
    0x08004fb8   0x08004fb8   0x00000016   Code   RO         3302    i.USBD_SetClassConfig  usbd_core.o
    0x08004fce   0x08004fce   0x00000002   PAD
    0x08004fd0   0x08004fd0   0x00000084   Code   RO         3427    i.USBD_SetConfig    usbd_ctlreq.o
    0x08005054   0x08005054   0x0000000a   Code   RO         3303    i.USBD_Start        usbd_core.o
    0x0800505e   0x0800505e   0x00000112   Code   RO         3428    i.USBD_StdDevReq    usbd_ctlreq.o
    0x08005170   0x08005170   0x00000150   Code   RO         3429    i.USBD_StdEPReq     usbd_ctlreq.o
    0x080052c0   0x080052c0   0x0000004e   Code   RO         3430    i.USBD_StdItfReq    usbd_ctlreq.o
    0x0800530e   0x0800530e   0x00000002   Code   RO         3103    i.USBD_static_free  usbd_conf.o
    0x08005310   0x08005310   0x00000008   Code   RO         3104    i.USBD_static_malloc  usbd_conf.o
    0x08005318   0x08005318   0x0000029c   Code   RO          730    i.USB_ActivateEndpoint  stm32f1xx_ll_usb.o
    0x080055b4   0x080055b4   0x00000004   Code   RO          733    i.USB_CoreInit      stm32f1xx_ll_usb.o
    0x080055b8   0x080055b8   0x0000010e   Code   RO          735    i.USB_DeactivateEndpoint  stm32f1xx_ll_usb.o
    0x080056c6   0x080056c6   0x00000004   Code   RO          736    i.USB_DevConnect    stm32f1xx_ll_usb.o
    0x080056ca   0x080056ca   0x00000004   Code   RO          737    i.USB_DevDisconnect  stm32f1xx_ll_usb.o
    0x080056ce   0x080056ce   0x00000012   Code   RO          738    i.USB_DevInit       stm32f1xx_ll_usb.o
    0x080056e0   0x080056e0   0x0000000e   Code   RO          739    i.USB_DisableGlobalInt  stm32f1xx_ll_usb.o
    0x080056ee   0x080056ee   0x00000004   Code   RO          740    i.USB_EP0_OutStart  stm32f1xx_ll_usb.o
    0x080056f2   0x080056f2   0x00000078   Code   RO          741    i.USB_EPClearStall  stm32f1xx_ll_usb.o
    0x0800576a   0x0800576a   0x00000032   Code   RO          742    i.USB_EPSetStall    stm32f1xx_ll_usb.o
    0x0800579c   0x0800579c   0x000004e2   Code   RO          743    i.USB_EPStartXfer   stm32f1xx_ll_usb.o
    0x08005c7e   0x08005c7e   0x00000012   Code   RO          745    i.USB_EnableGlobalInt  stm32f1xx_ll_usb.o
    0x08005c90   0x08005c90   0x0000000c   Code   RO          299    i.USB_LP_CAN1_RX0_IRQHandler  stm32f1xx_it.o
    0x08005c9c   0x08005c9c   0x00000006   Code   RO          752    i.USB_ReadInterrupts  stm32f1xx_ll_usb.o
    0x08005ca2   0x08005ca2   0x00000002   PAD
    0x08005ca4   0x08005ca4   0x0000002c   Code   RO          753    i.USB_ReadPMA       stm32f1xx_ll_usb.o
    0x08005cd0   0x08005cd0   0x00000004   Code   RO          754    i.USB_SetCurrentMode  stm32f1xx_ll_usb.o
    0x08005cd4   0x08005cd4   0x0000000c   Code   RO          755    i.USB_SetDevAddress  stm32f1xx_ll_usb.o
    0x08005ce0   0x08005ce0   0x00000026   Code   RO          757    i.USB_WritePMA      stm32f1xx_ll_usb.o
    0x08005d06   0x08005d06   0x0000000e   Code   RO           27    i.UpDown            main.o
    0x08005d14   0x08005d14   0x00000002   Code   RO          300    i.UsageFault_Handler  stm32f1xx_it.o
    0x08005d16   0x08005d16   0x00000028   Code   RO         3818    i.__ARM_fpclassify  m_ws.l(fpclassify.o)
    0x08005d3e   0x08005d3e   0x00000020   Code   RO         1406    i.__NVIC_SetPriority  stm32f1xx_hal_cortex.o
    0x08005d5e   0x08005d5e   0x000000aa   Code   RO         3820    i.__kernel_poly     m_ws.l(poly.o)
    0x08005e08   0x08005e08   0x00000006   Code   RO         3805    i.__mathlib_dbl_infnan  m_ws.l(dunder.o)
    0x08005e0e   0x08005e0e   0x0000000e   Code   RO         3808    i.__mathlib_dbl_overflow  m_ws.l(dunder.o)
    0x08005e1c   0x08005e1c   0x00000010   Code   RO         3810    i.__mathlib_dbl_underflow  m_ws.l(dunder.o)
    0x08005e2c   0x08005e2c   0x00000010   Code   RO         3895    i.__mathlib_narrow  m_ws.l(narrow.o)
    0x08005e3c   0x08005e3c   0x000000bc   Code   RO         3896    i.__mathlib_tofloat  m_ws.l(narrow.o)
    0x08005ef8   0x08005ef8   0x00000016   Code   RO         3991    i.__support_ldexp   m_ws.l(ldexp.o)
    0x08005f0e   0x08005f0e   0x0000000e   Code   RO         3673    i._is_digit         c_w.l(__printf_wp.o)
    0x08005f1c   0x08005f1c   0x00000220   Code   RO         3754    i.atan              m_ws.l(atan.o)
    0x0800613c   0x0800613c   0x000000d0   Code   RO           28    i.backhome          main.o
    0x0800620c   0x0800620c   0x00000058   Code   RO         3974    i.frexp             m_ws.l(frexp.o)
    0x08006264   0x08006264   0x00000074   Code   RO         3992    i.ldexp             m_ws.l(ldexp.o)
    0x080062d8   0x080062d8   0x00000048   Code   RO           29    i.main              main.o
    0x08006320   0x08006320   0x00000018   Code   RO           31    i.microDelay        main.o
    0x08006338   0x08006338   0x00000104   Code   RO           32    i.moveXY            main.o
    0x0800643c   0x0800643c   0x0000004c   Code   RO         3764    i.sqrt              m_ws.l(sqrt.o)
    0x08006488   0x08006488   0x0000002c   Code   RO         3879    locale$$code        c_w.l(lc_numeric_c.o)
    0x080064b4   0x080064b4   0x0000002c   Code   RO         3984    locale$$code        c_w.l(lc_ctype_c.o)
    0x080064e0   0x080064e0   0x00000062   Code   RO         3967    x$fpl$d2f           fz_ws.l(d2f.o)
    0x08006542   0x08006542   0x00000002   PAD
    0x08006544   0x08006544   0x00000150   Code   RO         3703    x$fpl$dadd          fz_ws.l(daddsub_clz.o)
    0x08006694   0x08006694   0x00000010   Code   RO         3787    x$fpl$dcheck1       fz_ws.l(dcheck1.o)
    0x080066a4   0x080066a4   0x00000018   Code   RO         3789    x$fpl$dcmpinf       fz_ws.l(dcmpi.o)
    0x080066bc   0x080066bc   0x000002b0   Code   RO         3710    x$fpl$ddiv          fz_ws.l(ddiv.o)
    0x0800696c   0x0800696c   0x00000078   Code   RO         3969    x$fpl$deqf          fz_ws.l(deqf.o)
    0x080069e4   0x080069e4   0x0000005e   Code   RO         3713    x$fpl$dfix          fz_ws.l(dfix.o)
    0x08006a42   0x08006a42   0x0000002e   Code   RO         3718    x$fpl$dflt          fz_ws.l(dflt_clz.o)
    0x08006a70   0x08006a70   0x00000078   Code   RO         3723    x$fpl$dleqf         fz_ws.l(dleqf.o)
    0x08006ae8   0x08006ae8   0x00000154   Code   RO         3725    x$fpl$dmul          fz_ws.l(dmul.o)
    0x08006c3c   0x08006c3c   0x0000009c   Code   RO         3791    x$fpl$dnaninf       fz_ws.l(dnaninf.o)
    0x08006cd8   0x08006cd8   0x0000000c   Code   RO         3793    x$fpl$dretinf       fz_ws.l(dretinf.o)
    0x08006ce4   0x08006ce4   0x0000006c   Code   RO         3727    x$fpl$drleqf        fz_ws.l(drleqf.o)
    0x08006d50   0x08006d50   0x00000016   Code   RO         3704    x$fpl$drsb          fz_ws.l(daddsub_clz.o)
    0x08006d66   0x08006d66   0x00000002   PAD
    0x08006d68   0x08006d68   0x000001cc   Code   RO         3795    x$fpl$dsqrt         fz_ws.l(dsqrt_noumaal.o)
    0x08006f34   0x08006f34   0x000001d4   Code   RO         3705    x$fpl$dsub          fz_ws.l(daddsub_clz.o)
    0x08007108   0x08007108   0x00000056   Code   RO         3729    x$fpl$f2d           fz_ws.l(f2d.o)
    0x0800715e   0x0800715e   0x00000002   PAD
    0x08007160   0x08007160   0x0000000c   Code   RO         3797    x$fpl$fcheck1       fz_ws.l(fcheck1.o)
    0x0800716c   0x0800716c   0x00000036   Code   RO         3731    x$fpl$ffix          fz_ws.l(ffix.o)
    0x080071a2   0x080071a2   0x00000002   PAD
    0x080071a4   0x080071a4   0x0000003e   Code   RO         3735    x$fpl$ffixu         fz_ws.l(ffixu.o)
    0x080071e2   0x080071e2   0x00000002   PAD
    0x080071e4   0x080071e4   0x00000030   Code   RO         3740    x$fpl$fflt          fz_ws.l(fflt_clz.o)
    0x08007214   0x08007214   0x00000102   Code   RO         3745    x$fpl$fmul          fz_ws.l(fmul.o)
    0x08007316   0x08007316   0x0000008c   Code   RO         3799    x$fpl$fnaninf       fz_ws.l(fnaninf.o)
    0x080073a2   0x080073a2   0x0000000a   Code   RO         3801    x$fpl$fretinf       fz_ws.l(fretinf.o)
    0x080073ac   0x080073ac   0x00000006   Code   RO         3885    x$fpl$ieeestatus    fz_ws.l(istatus.o)
    0x080073b2   0x080073b2   0x00000064   Code   RO         3887    x$fpl$retnan        fz_ws.l(retnan.o)
    0x08007416   0x08007416   0x0000005c   Code   RO         3747    x$fpl$scalbn        fz_ws.l(scalbn.o)
    0x08007472   0x08007472   0x0000004c   Code   RO         3749    x$fpl$scalbnf       fz_ws.l(scalbnf.o)
    0x080074be   0x080074be   0x00000004   Code   RO         3751    x$fpl$scanf1        fz_ws.l(scanf1.o)
    0x080074c2   0x080074c2   0x00000008   Code   RO         3889    x$fpl$scanf2        fz_ws.l(scanf2.o)
    0x080074ca   0x080074ca   0x00000030   Code   RO         3971    x$fpl$trapveneer    fz_ws.l(trapv.o)
    0x080074fa   0x080074fa   0x00000000   Code   RO         3803    x$fpl$usenofp       fz_ws.l(usenofp.o)
    0x080074fa   0x080074fa   0x00000012   Data   RO         1104    .constdata          stm32f1xx_hal_rcc.o
    0x0800750c   0x0800750c   0x00000010   Data   RO         2868    .constdata          system_stm32f1xx.o
    0x0800751c   0x0800751c   0x00000004   PAD
    0x08007520   0x08007520   0x00000098   Data   RO         3755    .constdata          m_ws.l(atan.o)
    0x080075b8   0x080075b8   0x00000094   Data   RO         3854    .constdata          c_w.l(bigflt0.o)
    0x0800764c   0x0800764c   0x00000020   Data   RO         4076    Region$$Table       anon$$obj.o
    0x0800766c   0x0800766c   0x00000008   Data   RO         3881    c$$dinf             fz_ws.l(fpconst.o)
    0x08007674   0x08007674   0x00000008   Data   RO         3884    c$$dmax             fz_ws.l(fpconst.o)
    0x0800767c   0x0800767c   0x0000001c   Data   RO         3878    locale$$data        c_w.l(lc_numeric_c.o)
    0x08007698   0x08007698   0x00000110   Data   RO         3983    locale$$data        c_w.l(lc_ctype_c.o)


    Execution Region RW_IRAM1 (Exec base: 0x20000000, Load base: 0x080077a8, Size: 0x00001ad8, Max: 0x00005000, ABSOLUTE, COMPRESSED[0x000000c8])

    Exec Addr    Load Addr    Size         Type   Attr      Idx    E Section Name        Object

    0x20000000   COMPRESSED   0x00000048   Data   RW           35    .data               main.o
    0x20000048   COMPRESSED   0x00000001   Data   RW           38    .data               main.o
    0x20000049   COMPRESSED   0x00000003   PAD
    0x2000004c   COMPRESSED   0x0000000c   Data   RW          941    .data               stm32f1xx_hal.o
    0x20000058   COMPRESSED   0x00000004   Data   RW         2870    .data               system_stm32f1xx.o
    0x2000005c   COMPRESSED   0x0000001c   Data   RW         2944    .data               usbd_desc.o
    0x20000078   COMPRESSED   0x00000032   Data   RW         2945    .data               usbd_desc.o
    0x200000aa   COMPRESSED   0x00000002   PAD
    0x200000ac   COMPRESSED   0x00000010   Data   RW         3027    .data               usbd_cdc_if.o
    0x200000bc   COMPRESSED   0x00000001   Data   RW         3431    .data               usbd_ctlreq.o
    0x200000bd   COMPRESSED   0x00000003   PAD
    0x200000c0   COMPRESSED   0x000000d7   Data   RW         3563    .data               usbd_cdc.o
    0x20000197   COMPRESSED   0x00000001   PAD
    0x20000198   COMPRESSED   0x00000038   Data   RW         3564    .data               usbd_cdc.o
    0x200001d0        -       0x00000090   Zero   RW           33    .bss                main.o
    0x20000260        -       0x00000040   Zero   RW           34    .bss                main.o
    0x200002a0        -       0x000002c4   Zero   RW         2905    .bss                usb_device.o
    0x20000564        -       0x00000200   Zero   RW         2943    .bss                usbd_desc.o
    0x20000764        -       0x00000800   Zero   RW         3026    .bss                usbd_cdc_if.o
    0x20000f64        -       0x00000510   Zero   RW         3105    .bss                usbd_conf.o
    0x20001474        -       0x00000060   Zero   RW         3902    .bss                c_w.l(libspace.o)
    0x200014d4   COMPRESSED   0x00000004   PAD
    0x200014d8        -       0x00000200   Zero   RW            2    HEAP                startup_stm32f103xb.o
    0x200016d8        -       0x00000400   Zero   RW            1    STACK               startup_stm32f103xb.o


==============================================================================

Image component sizes


      Code (inc. data)   RO Data    RW Data    ZI Data      Debug   Object Name

      3788        272          0         73        208     451133   main.o
        64         26        236          0       1536        784   startup_stm32f103xb.o
       128         24          0         12          0       5117   stm32f1xx_hal.o
       234         24          0          0          0      29346   stm32f1xx_hal_cortex.o
       490         34          0          0          0       2812   stm32f1xx_hal_gpio.o
       192         26          0          0          0       2039   stm32f1xx_hal_msp.o
      3094          0          0          0          0      13925   stm32f1xx_hal_pcd.o
        60          0          0          0          0       1126   stm32f1xx_hal_pcd_ex.o
      1176         60         18          0          0       3890   stm32f1xx_hal_rcc.o
       236         12          0          0          0       1332   stm32f1xx_hal_rcc_ex.o
      1406         60          0          0          0      12553   stm32f1xx_hal_tim.o
       104         12          0          0          0       1308   stm32f1xx_hal_tim_ex.o
        32          6          0          0          0       4079   stm32f1xx_it.o
      2528          0          0          0          0      15655   stm32f1xx_ll_usb.o
         2          0         16          4          0       1043   system_stm32f1xx.o
        84         18          0          0        708        740   usb_device.o
       672         16          0        271          0      11876   usbd_cdc.o
       200         76          0         16       2048       2963   usbd_cdc_if.o
       556         30          0          0       1296      13565   usbd_conf.o
       670          0          0          0          0       9115   usbd_core.o
      1186         28          0          1          0       7688   usbd_ctlreq.o
       288        104          0         78        512       5673   usbd_desc.o
       132          0          0          0          0       4148   usbd_ioreq.o

    ----------------------------------------------------------------------
     17354        828        306        464       6308     601910   Object Totals
         0          0         32          0          0          0   (incl. Generated)
        32          0          4          9          0          0   (incl. Padding)

    ----------------------------------------------------------------------

      Code (inc. data)   RO Data    RW Data    ZI Data      Debug   Library Member Name

        60          8          0          0          0         84   __0sscanf.o
        90          0          0          0          0          0   __dczerorl2.o
         8          0          0          0          0         68   __main.o
        14          0          0          0          0         68   __printf_wp.o
         0          0          0          0          0          0   __rtentry.o
        12          0          0          0          0          0   __rtentry2.o
         6          0          0          0          0          0   __rtentry4.o
        52          8          0          0          0          0   __scatter.o
        28          0          0          0          0          0   __scatter_zi.o
        28          0          0          0          0         68   _chval.o
        22          0          0          0          0        100   _rserrno.o
       884          6          0          0          0        100   _scanf.o
       224          0          0          0          0         96   _scanf_str.o
        64          0          0          0          0         84   _sgetc.o
       228          4        148          0          0         96   bigflt0.o
      1924        136          0          0          0        756   btod.o
        18          0          0          0          0         80   exit.o
         6          0          0          0          0        152   heapauxi.o
         0          0          0          0          0          0   indicate_semi.o
        18          0          0          0          0         76   isspace.o
        44         10        272          0          0         76   lc_ctype_c.o
        44         10         28          0          0         76   lc_numeric_c.o
         2          0          0          0          0          0   libinit.o
        30          0          0          0          0          0   libinit2.o
         2          0          0          0          0          0   libshutdown.o
         2          0          0          0          0          0   libshutdown2.o
         8          4          0          0         96         68   libspace.o
        38          0          0          0          0         68   llshl.o
        16          4          0          0          0         76   rt_ctype_table.o
         8          4          0          0          0         68   rt_errno_addr_intlibspace.o
         8          4          0          0          0         68   rt_locale_intlibspace.o
        68          0          0          0          0         68   rt_memclr.o
        78          0          0          0          0         80   rt_memclr_w.o
       138          0          0          0          0         68   rt_memcpy_v6.o
       100          0          0          0          0         80   rt_memcpy_w.o
         2          0          0          0          0          0   rtexit.o
        10          0          0          0          0          0   rtexit2.o
        44          8          0          0          0         84   scanf_char.o
      1272         16          0          0          0        168   scanf_fp.o
       800         14          0          0          0        100   scanf_hexfp.o
       308         16          0          0          0        100   scanf_infnan.o
       128          0          0          0          0         68   strcmpv7m.o
        12          4          0          0          0         68   sys_exit.o
        74          0          0          0          0         80   sys_stackheap_outer.o
         2          0          0          0          0         68   use_no_semi.o
        98          4          0          0          0         92   d2f.o
       826         16          0          0          0        348   daddsub_clz.o
        16          4          0          0          0         68   dcheck1.o
        24          0          0          0          0         68   dcmpi.o
       688        140          0          0          0        208   ddiv.o
       120          4          0          0          0         92   deqf.o
        94          4          0          0          0         92   dfix.o
        46          0          0          0          0         68   dflt_clz.o
       120          4          0          0          0         92   dleqf.o
       340         12          0          0          0        104   dmul.o
       156          4          0          0          0         92   dnaninf.o
        12          0          0          0          0         68   dretinf.o
       108          0          0          0          0         80   drleqf.o
       460         56          0          0          0        120   dsqrt_noumaal.o
        86          4          0          0          0         84   f2d.o
        12          4          0          0          0         68   fcheck1.o
        54          4          0          0          0         84   ffix.o
        62          4          0          0          0         84   ffixu.o
        48          0          0          0          0         68   fflt_clz.o
       258          4          0          0          0         84   fmul.o
       140          4          0          0          0         84   fnaninf.o
         0          0         16          0          0          0   fpconst.o
        10          0          0          0          0         68   fretinf.o
         6          0          0          0          0         68   istatus.o
       100          0          0          0          0         68   retnan.o
        92          0          0          0          0         68   scalbn.o
        76          0          0          0          0         68   scalbnf.o
         4          0          0          0          0         68   scanf1.o
         8          0          0          0          0         84   scanf2.o
        48          0          0          0          0         68   trapv.o
         0          0          0          0          0          0   usenofp.o
       544         70        152          0          0        124   atan.o
        36          6          0          0          0        204   dunder.o
        40          0          0          0          0         68   fpclassify.o
        88          8          0          0          0         76   frexp.o
       138          0          0          0          0        160   ldexp.o
       204          4          0          0          0        168   narrow.o
       170          0          0          0          0         96   poly.o
        76          0          0          0          0         84   sqrt.o

    ----------------------------------------------------------------------
     12356        618        616          0        100       7048   Library Totals
        24          2          0          0          4          0   (incl. Padding)

    ----------------------------------------------------------------------

      Code (inc. data)   RO Data    RW Data    ZI Data      Debug   Library Name

      6924        256        448          0         96       3360   c_w.l
      4112        272         16          0          0       2708   fz_ws.l
      1296         88        152          0          0        980   m_ws.l

    ----------------------------------------------------------------------
     12356        618        616          0        100       7048   Library Totals

    ----------------------------------------------------------------------

==============================================================================


      Code (inc. data)   RO Data    RW Data    ZI Data      Debug   

     29710       1446        922        464       6408     596110   Grand Totals
     29710       1446        922        200       6408     596110   ELF Image Totals (compressed)
     29710       1446        922        200          0          0   ROM Totals

==============================================================================

    Total RO  Size (Code + RO Data)                30632 (  29.91kB)
    Total RW  Size (RW Data + ZI Data)              6872 (   6.71kB)
    Total ROM Size (Code + RO Data + RW Data)      30832 (  30.11kB)

==============================================================================

